Archive member included because of file (symbol)

d:/users/draapho/mentorgraphics/sourcery_codebench_lite_for_arm_eabi/bin/../lib/gcc/arm-none-eabi/4.8.1/thumb2\libgcc.a(_arm_addsubdf3.o)
                              ./components/cpn_gui/demo/GUIDEMO_Cursor.o (__aeabi_i2d)
d:/users/draapho/mentorgraphics/sourcery_codebench_lite_for_arm_eabi/bin/../lib/gcc/arm-none-eabi/4.8.1/thumb2\libgcc.a(_arm_muldivdf3.o)
                              ./components/cpn_gui/demo/GUIDEMO_Cursor.o (__aeabi_ddiv)
d:/users/draapho/mentorgraphics/sourcery_codebench_lite_for_arm_eabi/bin/../lib/gcc/arm-none-eabi/4.8.1/thumb2\libgcc.a(_arm_fixdfsi.o)
                              ./components/cpn_gui/demo/GUIDEMO_Cursor.o (__aeabi_d2iz)
d:/users/draapho/mentorgraphics/sourcery_codebench_lite_for_arm_eabi/bin/../lib/gcc/arm-none-eabi/4.8.1/../../../../arm-none-eabi/lib/thumb2\libc.a(lib_a-lcltime.o)
                              ./drivers/drv_rtc_time.o (localtime)
d:/users/draapho/mentorgraphics/sourcery_codebench_lite_for_arm_eabi/bin/../lib/gcc/arm-none-eabi/4.8.1/../../../../arm-none-eabi/lib/thumb2\libc.a(lib_a-lcltime_r.o)
                              d:/users/draapho/mentorgraphics/sourcery_codebench_lite_for_arm_eabi/bin/../lib/gcc/arm-none-eabi/4.8.1/../../../../arm-none-eabi/lib/thumb2\libc.a(lib_a-lcltime.o) (localtime_r)
d:/users/draapho/mentorgraphics/sourcery_codebench_lite_for_arm_eabi/bin/../lib/gcc/arm-none-eabi/4.8.1/../../../../arm-none-eabi/lib/thumb2\libc.a(lib_a-malloc.o)
                              ./applications/app_fatfs.o (malloc)
d:/users/draapho/mentorgraphics/sourcery_codebench_lite_for_arm_eabi/bin/../lib/gcc/arm-none-eabi/4.8.1/../../../../arm-none-eabi/lib/thumb2\libc.a(lib_a-mallocr.o)
                              d:/users/draapho/mentorgraphics/sourcery_codebench_lite_for_arm_eabi/bin/../lib/gcc/arm-none-eabi/4.8.1/../../../../arm-none-eabi/lib/thumb2\libc.a(lib_a-malloc.o) (_malloc_r)
d:/users/draapho/mentorgraphics/sourcery_codebench_lite_for_arm_eabi/bin/../lib/gcc/arm-none-eabi/4.8.1/../../../../arm-none-eabi/lib/thumb2\libc.a(lib_a-memcmp.o)
                              ./components/cpn_uip/tcpip/socket.o (memcmp)
d:/users/draapho/mentorgraphics/sourcery_codebench_lite_for_arm_eabi/bin/../lib/gcc/arm-none-eabi/4.8.1/../../../../arm-none-eabi/lib/thumb2\libc.a(lib_a-memcpy-stub.o)
                              ./components/cpn_uip/uip/uip.o (memcpy)
d:/users/draapho/mentorgraphics/sourcery_codebench_lite_for_arm_eabi/bin/../lib/gcc/arm-none-eabi/4.8.1/../../../../arm-none-eabi/lib/thumb2\libc.a(lib_a-memset.o)
                              ./components/cpn_uip/uip/uip.o (memset)
d:/users/draapho/mentorgraphics/sourcery_codebench_lite_for_arm_eabi/bin/../lib/gcc/arm-none-eabi/4.8.1/../../../../arm-none-eabi/lib/thumb2\libc.a(lib_a-mktime.o)
                              ./drivers/drv_rtc_time.o (mktime)
d:/users/draapho/mentorgraphics/sourcery_codebench_lite_for_arm_eabi/bin/../lib/gcc/arm-none-eabi/4.8.1/../../../../arm-none-eabi/lib/thumb2\libc.a(lib_a-mktm_r.o)
                              d:/users/draapho/mentorgraphics/sourcery_codebench_lite_for_arm_eabi/bin/../lib/gcc/arm-none-eabi/4.8.1/../../../../arm-none-eabi/lib/thumb2\libc.a(lib_a-mktime.o) (__tzcalc_limits)
d:/users/draapho/mentorgraphics/sourcery_codebench_lite_for_arm_eabi/bin/../lib/gcc/arm-none-eabi/4.8.1/../../../../arm-none-eabi/lib/thumb2\libc.a(lib_a-mlock.o)
                              d:/users/draapho/mentorgraphics/sourcery_codebench_lite_for_arm_eabi/bin/../lib/gcc/arm-none-eabi/4.8.1/../../../../arm-none-eabi/lib/thumb2\libc.a(lib_a-mallocr.o) (__malloc_lock)
d:/users/draapho/mentorgraphics/sourcery_codebench_lite_for_arm_eabi/bin/../lib/gcc/arm-none-eabi/4.8.1/../../../../arm-none-eabi/lib/thumb2\libc.a(lib_a-printf.o)
                              ./drivers/assert.o (printf)
d:/users/draapho/mentorgraphics/sourcery_codebench_lite_for_arm_eabi/bin/../lib/gcc/arm-none-eabi/4.8.1/../../../../arm-none-eabi/lib/thumb2\libc.a(lib_a-puts.o)
                              ./drivers/assert.o (puts)
d:/users/draapho/mentorgraphics/sourcery_codebench_lite_for_arm_eabi/bin/../lib/gcc/arm-none-eabi/4.8.1/../../../../arm-none-eabi/lib/thumb2\libc.a(lib_a-rand.o)
                              ./components/cpn_uip/apps/dns.o (rand)
d:/users/draapho/mentorgraphics/sourcery_codebench_lite_for_arm_eabi/bin/../lib/gcc/arm-none-eabi/4.8.1/../../../../arm-none-eabi/lib/thumb2\libc.a(lib_a-sbrkr.o)
                              d:/users/draapho/mentorgraphics/sourcery_codebench_lite_for_arm_eabi/bin/../lib/gcc/arm-none-eabi/4.8.1/../../../../arm-none-eabi/lib/thumb2\libc.a(lib_a-mallocr.o) (_sbrk_r)
d:/users/draapho/mentorgraphics/sourcery_codebench_lite_for_arm_eabi/bin/../lib/gcc/arm-none-eabi/4.8.1/../../../../arm-none-eabi/lib/thumb2\libc.a(lib_a-snprintf.o)
                              ./components/cpn_uip/apps/demo/httpd-cgi.o (snprintf)
[...]
Memory Configuration

Name             Origin             Length             Attributes
*default*        0x00000000         0xffffffff

Linker script and memory map

LOAD d:/users/draapho/mentorgraphics/sourcery_codebench_lite_for_arm_eabi/bin/../lib/gcc/arm-none-eabi/4.8.1/thumb2/crti.o
LOAD d:/users/draapho/mentorgraphics/sourcery_codebench_lite_for_arm_eabi/bin/../lib/gcc/arm-none-eabi/4.8.1/thumb2/crtbegin.o
LOAD ./ezos/ezos_ipc.o
LOAD ./ezos/ezos_kernel.o
LOAD ./drivers/libraries/STM32F10x_StdPeriph_Driver/src/misc.o
LOAD ./drivers/libraries/STM32F10x_StdPeriph_Driver/src/stm32f10x_adc.o
LOAD ./drivers/libraries/STM32F10x_StdPeriph_Driver/src/stm32f10x_bkp.o
LOAD ./drivers/libraries/STM32F10x_StdPeriph_Driver/src/stm32f10x_can.o
LOAD ./drivers/libraries/STM32F10x_StdPeriph_Driver/src/stm32f10x_cec.o
LOAD ./drivers/libraries/STM32F10x_StdPeriph_Driver/src/stm32f10x_crc.o
LOAD ./drivers/libraries/STM32F10x_StdPeriph_Driver/src/stm32f10x_dac.o
LOAD ./drivers/libraries/STM32F10x_StdPeriph_Driver/src/stm32f10x_dbgmcu.o
LOAD ./drivers/libraries/STM32F10x_StdPeriph_Driver/src/stm32f10x_dma.o
LOAD ./drivers/libraries/STM32F10x_StdPeriph_Driver/src/stm32f10x_exti.o
LOAD ./drivers/libraries/STM32F10x_StdPeriph_Driver/src/stm32f10x_flash.o
LOAD ./drivers/libraries/STM32F10x_StdPeriph_Driver/src/stm32f10x_fsmc.o
LOAD ./drivers/libraries/STM32F10x_StdPeriph_Driver/src/stm32f10x_gpio.o
LOAD ./drivers/libraries/STM32F10x_StdPeriph_Driver/src/stm32f10x_i2c.o
LOAD ./drivers/libraries/STM32F10x_StdPeriph_Driver/src/stm32f10x_iwdg.o
LOAD ./drivers/libraries/STM32F10x_StdPeriph_Driver/src/stm32f10x_pwr.o
LOAD ./drivers/libraries/STM32F10x_StdPeriph_Driver/src/stm32f10x_rcc.o
LOAD ./drivers/libraries/STM32F10x_StdPeriph_Driver/src/stm32f10x_rtc.o
LOAD ./drivers/libraries/STM32F10x_StdPeriph_Driver/src/stm32f10x_sdio.o
LOAD ./drivers/libraries/STM32F10x_StdPeriph_Driver/src/stm32f10x_spi.o
LOAD ./drivers/libraries/STM32F10x_StdPeriph_Driver/src/stm32f10x_tim.o
LOAD ./drivers/libraries/STM32F10x_StdPeriph_Driver/src/stm32f10x_usart.o
LOAD ./drivers/libraries/STM32F10x_StdPeriph_Driver/src/stm32f10x_wwdg.o
LOAD ./drivers/libraries/CMSIS/CM3/DeviceSupport/ST/STM32F10x/system_stm32f10x.o
LOAD ./drivers/libraries/CMSIS/CM3/CoreSupport/core_cm3.o
LOAD ./drivers/drv_spiflash/drv_spiflash.o
LOAD ./drivers/drv_spiflash/sf_mx25l.o
LOAD ./drivers/drv_spiflash/sf_universal.o
LOAD ./drivers/drv_sdcard/drv_sdcard.o
LOAD ./drivers/drv_sdcard/drv_sdflash.o
LOAD ./drivers/drv_sdcard/sd_sdio.o
LOAD ./drivers/drv_sdcard/sd_sdspi.o
LOAD ./drivers/assert.o
LOAD ./drivers/drv_ctrlport.o
LOAD ./drivers/drv_eeprom.o
LOAD ./drivers/drv_extint.o
LOAD ./drivers/drv_i2c.o
LOAD ./drivers/drv_i2s.o
LOAD ./drivers/drv_key.o
LOAD ./drivers/drv_led.o
LOAD ./drivers/drv_rtc_time.o
LOAD ./drivers/drv_spi.o
LOAD ./drivers/drv_systick.o
LOAD ./drivers/drv_tcsbus.o
LOAD ./drivers/drv_timer.o
LOAD ./drivers/drv_uart.o
LOAD ./drivers/drv_watchdog.o
LOAD ./components/cpn_uip/uip/uip.o
LOAD ./components/cpn_uip/uip/uip_arp.o
LOAD ./components/cpn_uip/tcpip/socket.o
LOAD ./components/cpn_uip/tcpip/tcp_udp.o
LOAD ./components/cpn_uip/tcpip/uip_lib.o
LOAD ./components/cpn_uip/tcpip/uip_sys.o
LOAD ./components/cpn_uip/chips/enc28j60_uip.o
LOAD ./components/cpn_uip/chips/stm32_eth_uip.o
LOAD ./components/cpn_uip/chips/tapdev.o
LOAD ./components/cpn_uip/apps/demo/httpd-cgi.o
LOAD ./components/cpn_uip/apps/demo/httpd-fs.o
LOAD ./components/cpn_uip/apps/demo/httpd.o
LOAD ./components/cpn_uip/apps/demo/tcpc.o
LOAD ./components/cpn_uip/apps/demo/tcps.o
LOAD ./components/cpn_uip/apps/demo/udpc.o
LOAD ./components/cpn_uip/apps/demo/udps.o
LOAD ./components/cpn_uip/apps/dhcp.o
LOAD ./components/cpn_uip/apps/dns.o
LOAD ./components/cpn_uip/apps/smtp.o
LOAD ./components/cpn_tone/data/tone_test.o
LOAD ./components/cpn_tone/cpn_tone.o
LOAD ./components/cpn_lib/crc16.o
LOAD ./components/cpn_lib/list.o
LOAD ./components/cpn_lib/me.o
LOAD ./components/cpn_lib/memb.o
LOAD ./components/cpn_gui/driver/lcd_main.o
LOAD ./components/cpn_gui/driver/touch_main.o
LOAD ./components/cpn_gui/demo/GUIDEMO.o
LOAD ./components/cpn_gui/demo/GUIDEMO_AntialiasedText.o
LOAD ./components/cpn_gui/demo/GUIDEMO_Automotive.o
LOAD ./components/cpn_gui/demo/GUIDEMO_BarGraph.o
LOAD ./components/cpn_gui/demo/GUIDEMO_Bitmap.o
LOAD ./components/cpn_gui/demo/GUIDEMO_ColorBar.o
LOAD ./components/cpn_gui/demo/GUIDEMO_Conf.o
LOAD ./components/cpn_gui/demo/GUIDEMO_Cursor.o
LOAD ./components/cpn_gui/demo/GUIDEMO_Fading.o
LOAD ./components/cpn_gui/demo/GUIDEMO_Graph.o
LOAD ./components/cpn_gui/demo/GUIDEMO_IconView.o
LOAD ./components/cpn_gui/demo/GUIDEMO_ImageFlow.o
LOAD ./components/cpn_gui/demo/GUIDEMO_Intro.o
LOAD ./components/cpn_gui/demo/GUIDEMO_Listview.o
LOAD ./components/cpn_gui/demo/GUIDEMO_RadialMenu.o
LOAD ./components/cpn_gui/demo/GUIDEMO_Resource.o
LOAD ./components/cpn_gui/demo/GUIDEMO_Skinning.o
LOAD ./components/cpn_gui/demo/GUIDEMO_Speed.o
LOAD ./components/cpn_gui/demo/GUIDEMO_Speedometer.o
LOAD ./components/cpn_gui/demo/GUIDEMO_TransparentDialog.o
LOAD ./components/cpn_gui/demo/GUIDEMO_Treeview.o
LOAD ./components/cpn_gui/demo/GUIDEMO_VScreen.o
LOAD ./components/cpn_gui/demo/GUIDEMO_WashingMachine.o
LOAD ./components/cpn_gui/demo/GUIDEMO_ZoomAndRotate.o
LOAD ./components/cpn_gui/config/GUIConf.o
LOAD ./components/cpn_gui/config/GUI_X.o
LOAD ./components/cpn_gui/config/LCDConf.o
LOAD ./components/cpn_gui/config/LCDDriver.o
LOAD ./components/cpn_fatfs/option/cc936.o
LOAD ./components/cpn_fatfs/diskio.o
LOAD ./components/cpn_fatfs/ff.o
LOAD ./applications/app_bell.o
LOAD ./applications/app_define.o
LOAD ./applications/app_eeprom.o
LOAD ./applications/app_fatfs.o
LOAD ./applications/app_gui.o
LOAD ./applications/app_mail.o
LOAD ./applications/app_message.o
LOAD ./applications/app_net.o
LOAD ./applications/app_race_led.o
LOAD ./applications/app_rtc.o
LOAD ./applications/app_sd.o
LOAD ./applications/app_sd2flash.o
LOAD ./applications/app_sem.o
LOAD ./applications/app_spiflash.o
LOAD ./applications/app_tone.o
LOAD ./applications/irq_handler.o
LOAD ./applications/main.o
START GROUP
LOAD d:/users/draapho/mentorgraphics/sourcery_codebench_lite_for_arm_eabi/bin/../lib/gcc/arm-none-eabi/4.8.1/thumb2\libgcc.a
LOAD d:/users/draapho/mentorgraphics/sourcery_codebench_lite_for_arm_eabi/bin/../lib/gcc/arm-none-eabi/4.8.1/../../../../arm-none-eabi/lib/thumb2\libc.a
END GROUP
LOAD d:/users/draapho/mentorgraphics/sourcery_codebench_lite_for_arm_eabi/bin/../lib/gcc/arm-none-eabi/4.8.1/thumb2/crtend.o
LOAD d:/users/draapho/mentorgraphics/sourcery_codebench_lite_for_arm_eabi/bin/../lib/gcc/arm-none-eabi/4.8.1/thumb2/crtn.o
                0x00008000                PROVIDE (__executable_start, 0x8000)
                0x00008000                . = 0x8000

.interp
 *(.interp)

.note.gnu.build-id
 *(.note.gnu.build-id)

.hash
 *(.hash)

.gnu.hash
 *(.gnu.hash)

.dynsym
 *(.dynsym)

.dynstr
 *(.dynstr)

.gnu.version
 *(.gnu.version)

.gnu.version_d
 *(.gnu.version_d)

.gnu.version_r
 *(.gnu.version_r)

.rel.dyn        0x00008000        0x0
 *(.rel.init)
 *(.rel.text .rel.text.* .rel.gnu.linkonce.t.*)
 *(.rel.fini)
 *(.rel.rodata .rel.rodata.* .rel.gnu.linkonce.r.*)
 *(.rel.data.rel.ro .rel.data.rel.ro.* .rel.gnu.linkonce.d.rel.ro.*)
 *(.rel.data .rel.data.* .rel.gnu.linkonce.d.*)
 *(.rel.tdata .rel.tdata.* .rel.gnu.linkonce.td.*)
 *(.rel.tbss .rel.tbss.* .rel.gnu.linkonce.tb.*)
 *(.rel.ctors)
 *(.rel.dtors)
 *(.rel.got)
 *(.rel.bss .rel.bss.* .rel.gnu.linkonce.b.*)
                0x00008000                PROVIDE (__rel_iplt_start, .)
 *(.rel.iplt)
 .rel.iplt      0x00000000        0x0 d:/users/draapho/mentorgraphics/sourcery_codebench_lite_for_arm_eabi/bin/../lib/gcc/arm-none-eabi/4.8.1/thumb2/crtbegin.o
                0x00008000                PROVIDE (__rel_iplt_end, .)
                0x00008000                PROVIDE (__rela_iplt_start, .)
                0x00008000                PROVIDE (__rela_iplt_end, .)

.rela.dyn       0x00008000        0x0
 *(.rela.init)
 *(.rela.text .rela.text.* .rela.gnu.linkonce.t.*)
 *(.rela.fini)
 *(.rela.rodata .rela.rodata.* .rela.gnu.linkonce.r.*)
 *(.rela.data .rela.data.* .rela.gnu.linkonce.d.*)
 *(.rela.tdata .rela.tdata.* .rela.gnu.linkonce.td.*)
 *(.rela.tbss .rela.tbss.* .rela.gnu.linkonce.tb.*)
 *(.rela.ctors)
 *(.rela.dtors)
 *(.rela.got)
 *(.rela.bss .rela.bss.* .rela.gnu.linkonce.b.*)
                0x00008000                PROVIDE (__rel_iplt_start, .)
                0x00008000                PROVIDE (__rel_iplt_end, .)
                0x00008000                PROVIDE (__rela_iplt_start, .)
 *(.rela.iplt)
                0x00008000                PROVIDE (__rela_iplt_end, .)

.rel.plt
 *(.rel.plt)

.rela.plt
 *(.rela.plt)

.init           0x00008000        0xc
 *(SORT(.init))
 .init          0x00008000        0x4 d:/users/draapho/mentorgraphics/sourcery_codebench_lite_for_arm_eabi/bin/../lib/gcc/arm-none-eabi/4.8.1/thumb2/crti.o
                0x00008000                _init
 .init          0x00008004        0x8 d:/users/draapho/mentorgraphics/sourcery_codebench_lite_for_arm_eabi/bin/../lib/gcc/arm-none-eabi/4.8.1/thumb2/crtn.o

.plt
 *(.plt)

.iplt           0x0000800c        0x0
 *(.iplt)
 .iplt          0x00000000        0x0 d:/users/draapho/mentorgraphics/sourcery_codebench_lite_for_arm_eabi/bin/../lib/gcc/arm-none-eabi/4.8.1/thumb2/crtbegin.o

.text           0x0000800c       0xc8
 *(.text.unlikely .text.*_unlikely .text.unlikely.*)
 *(.text.exit .text.exit.*)
 *(.text.startup .text.startup.*)
 *(.text.hot .text.hot.*)
 *(.text .stub .text.* .gnu.linkonce.t.*)
 .text          0x0000800c       0xc8 d:/users/draapho/mentorgraphics/sourcery_codebench_lite_for_arm_eabi/bin/../lib/gcc/arm-none-eabi/4.8.1/thumb2/crtbegin.o
 *(.gnu.warning)
 *(.glue_7t)
 .glue_7t       0x00000000        0x0 linker stubs
 *(.glue_7)
 .glue_7        0x00000000        0x0 linker stubs
 *(.vfp11_veneer)
 .vfp11_veneer  0x00000000        0x0 linker stubs
 *(.v4_bx)
 .v4_bx         0x00000000        0x0 linker stubs

.fini           0x000080d4        0xc
 *(SORT(.fini))
 .fini          0x000080d4        0x4 d:/users/draapho/mentorgraphics/sourcery_codebench_lite_for_arm_eabi/bin/../lib/gcc/arm-none-eabi/4.8.1/thumb2/crti.o
                0x000080d4                _fini
 .fini          0x000080d8        0x8 d:/users/draapho/mentorgraphics/sourcery_codebench_lite_for_arm_eabi/bin/../lib/gcc/arm-none-eabi/4.8.1/thumb2/crtn.o
                0x000080e0                PROVIDE (__etext, .)
                0x000080e0                PROVIDE (_etext, .)
                0x000080e0                PROVIDE (etext, .)

.rodata
 *(.rodata .rodata.* .gnu.linkonce.r.*)

.rodata1
 *(.rodata1)

.ARM.extab
 *(.ARM.extab* .gnu.linkonce.armextab.*)
                0x000080e0                PROVIDE (__exidx_start, .)

.ARM.exidx
 *(.ARM.exidx* .gnu.linkonce.armexidx.*)
                0x000080e0                PROVIDE (__exidx_end, .)

.eh_frame_hdr
 *(.eh_frame_hdr)
 *(.eh_frame_entry .eh_frame_entry.*)

.eh_frame       0x000080e0        0x4
 *(.eh_frame)
 .eh_frame      0x000080e0        0x0 d:/users/draapho/mentorgraphics/sourcery_codebench_lite_for_arm_eabi/bin/../lib/gcc/arm-none-eabi/4.8.1/thumb2/crtbegin.o
 .eh_frame      0x000080e0        0x4 d:/users/draapho/mentorgraphics/sourcery_codebench_lite_for_arm_eabi/bin/../lib/gcc/arm-none-eabi/4.8.1/thumb2/crtend.o
 *(.eh_frame.*)

.gcc_except_table
 *(.gcc_except_table .gcc_except_table.*)

.gnu_extab
 *(.gnu_extab*)

.exception_ranges
 *(.exception_ranges .exception_ranges*)
                0x000100e4                . = (ALIGN (0x8000) + (. & 0x7fff))

.eh_frame
 *(.eh_frame)
 *(.eh_frame.*)

.gnu_extab
 *(.gnu_extab)

.gcc_except_table
 *(.gcc_except_table .gcc_except_table.*)

.exception_ranges
 *(.exception_ranges .exception_ranges*)

.tdata
 *(.tdata .tdata.* .gnu.linkonce.td.*)

.tbss
 *(.tbss .tbss.* .gnu.linkonce.tb.*)
 *(.tcommon)

.preinit_array  0x000100e4        0x0
                0x000100e4                PROVIDE (__preinit_array_start, .)
 *(.preinit_array)
                0x000100e4                PROVIDE (__preinit_array_end, .)

.init_array     0x000100e4        0x4
                0x000100e4                PROVIDE (__init_array_start, .)
 *(SORT(.init_array.*))
 *(.init_array)
 .init_array    0x000100e4        0x4 d:/users/draapho/mentorgraphics/sourcery_codebench_lite_for_arm_eabi/bin/../lib/gcc/arm-none-eabi/4.8.1/thumb2/crtbegin.o
                0x000100e8                PROVIDE (__init_array_end, .)

.fini_array     0x000100e8        0x4
                0x000100e8                PROVIDE (__fini_array_start, .)
 *(SORT(.fini_array.*))
 *(.fini_array)
 .fini_array    0x000100e8        0x4 d:/users/draapho/mentorgraphics/sourcery_codebench_lite_for_arm_eabi/bin/../lib/gcc/arm-none-eabi/4.8.1/thumb2/crtbegin.o
                0x000100ec                PROVIDE (__fini_array_end, .)

.ctors
 *crtbegin.o(.ctors)
 *crtbegin?.o(.ctors)
 *(EXCLUDE_FILE(*crtend?.o *crtend.o) .ctors)
 *(SORT(.ctors.*))
 *(.ctors)

.dtors
 *crtbegin.o(.dtors)
 *crtbegin?.o(.dtors)
 *(EXCLUDE_FILE(*crtend?.o *crtend.o) .dtors)
 *(SORT(.dtors.*))
 *(.dtors)

.jcr            0x000100ec        0x4
 *(.jcr)
 .jcr           0x000100ec        0x0 d:/users/draapho/mentorgraphics/sourcery_codebench_lite_for_arm_eabi/bin/../lib/gcc/arm-none-eabi/4.8.1/thumb2/crtbegin.o
 .jcr           0x000100ec        0x4 d:/users/draapho/mentorgraphics/sourcery_codebench_lite_for_arm_eabi/bin/../lib/gcc/arm-none-eabi/4.8.1/thumb2/crtend.o

.data.rel.ro
 *(.data.rel.ro.local* .gnu.linkonce.d.rel.ro.local.*)
 *(.data.rel.ro .data.rel.ro.* .gnu.linkonce.d.rel.ro.*)

.dynamic
 *(.dynamic)

.got            0x000100f0        0x0
 *(.got.plt)
 *(.igot.plt)
 .igot.plt      0x00000000        0x0 d:/users/draapho/mentorgraphics/sourcery_codebench_lite_for_arm_eabi/bin/../lib/gcc/arm-none-eabi/4.8.1/thumb2/crtbegin.o
 *(.got)
 *(.igot)

.data           0x000100f0        0x0
                0x000100f0                __data_start = .
 *(.data .data.* .gnu.linkonce.d.*)

.tm_clone_table
                0x000100f0        0x0
 .tm_clone_table
                0x000100f0        0x0 d:/users/draapho/mentorgraphics/sourcery_codebench_lite_for_arm_eabi/bin/../lib/gcc/arm-none-eabi/4.8.1/thumb2/crtbegin.o
 .tm_clone_table
                0x000100f0        0x0 d:/users/draapho/mentorgraphics/sourcery_codebench_lite_for_arm_eabi/bin/../lib/gcc/arm-none-eabi/4.8.1/thumb2/crtend.o

.data1
 *(.data1)
                0x000100f0                _edata = .
                0x000100f0                PROVIDE (edata, .)
                0x000100f0                . = .
                0x000100f0                __bss_start = .
                0x000100f0                __bss_start__ = .

.bss            0x000100f0       0x1c
 *(.dynbss)
 *(.bss .bss.* .gnu.linkonce.b.*)
 .bss           0x000100f0       0x1c d:/users/draapho/mentorgraphics/sourcery_codebench_lite_for_arm_eabi/bin/../lib/gcc/arm-none-eabi/4.8.1/thumb2/crtbegin.o
 *(COMMON)
                0x0001010c                . = ALIGN ((. != 0x0)?0x4:0x1)
                0x0001010c                _bss_end__ = .
                0x0001010c                __bss_end__ = .
                0x0001010c                . = ALIGN (0x4)
                0x0001010c                . = SEGMENT_START ("ldata-segment", .)
                0x0001010c                . = ALIGN (0x4)
                0x0001010c                __end__ = .
                0x0001010c                _end = .
                0x0001010c                PROVIDE (end, .)

.stab
 *(.stab)

.stabstr
 *(.stabstr)

.stab.excl
 *(.stab.excl)

.stab.exclstr
 *(.stab.exclstr)

.stab.index
 *(.stab.index)

.stab.indexstr
 *(.stab.indexstr)

.comment        0x00000000       0x30
 *(.comment)
 .comment       0x00000000       0x30 ./ezos/ezos_ipc.o
                                 0x31 (size before relaxing)
 .comment       0x00000000       0x31 ./ezos/ezos_kernel.o
 .comment       0x00000000       0x31 ./drivers/libraries/STM32F10x_StdPeriph_Driver/src/misc.o
 .comment       0x00000000       0x31 ./drivers/libraries/STM32F10x_StdPeriph_Driver/src/stm32f10x_adc.o
 .comment       0x00000000       0x31 ./drivers/libraries/STM32F10x_StdPeriph_Driver/src/stm32f10x_bkp.o
 .comment       0x00000000       0x31 ./drivers/libraries/STM32F10x_StdPeriph_Driver/src/stm32f10x_can.o
 .comment       0x00000000       0x31 ./drivers/libraries/STM32F10x_StdPeriph_Driver/src/stm32f10x_cec.o
 .comment       0x00000000       0x31 ./drivers/libraries/STM32F10x_StdPeriph_Driver/src/stm32f10x_crc.o
 .comment       0x00000000       0x31 ./drivers/libraries/STM32F10x_StdPeriph_Driver/src/stm32f10x_dac.o
 .comment       0x00000000       0x31 ./drivers/libraries/STM32F10x_StdPeriph_Driver/src/stm32f10x_dbgmcu.o
 .comment       0x00000000       0x31 ./drivers/libraries/STM32F10x_StdPeriph_Driver/src/stm32f10x_dma.o
 .comment       0x00000000       0x31 ./drivers/libraries/STM32F10x_StdPeriph_Driver/src/stm32f10x_exti.o
 .comment       0x00000000       0x31 ./drivers/libraries/STM32F10x_StdPeriph_Driver/src/stm32f10x_flash.o
 .comment       0x00000000       0x31 ./drivers/libraries/STM32F10x_StdPeriph_Driver/src/stm32f10x_fsmc.o
 .comment       0x00000000       0x31 ./drivers/libraries/STM32F10x_StdPeriph_Driver/src/stm32f10x_gpio.o
 .comment       0x00000000       0x31 ./drivers/libraries/STM32F10x_StdPeriph_Driver/src/stm32f10x_i2c.o
 .comment       0x00000000       0x31 ./drivers/libraries/STM32F10x_StdPeriph_Driver/src/stm32f10x_iwdg.o
 .comment       0x00000000       0x31 ./drivers/libraries/STM32F10x_StdPeriph_Driver/src/stm32f10x_pwr.o
 .comment       0x00000000       0x31 ./drivers/libraries/STM32F10x_StdPeriph_Driver/src/stm32f10x_rcc.o
 .comment       0x00000000       0x31 ./drivers/libraries/STM32F10x_StdPeriph_Driver/src/stm32f10x_rtc.o
 .comment       0x00000000       0x31 ./drivers/libraries/STM32F10x_StdPeriph_Driver/src/stm32f10x_sdio.o
 .comment       0x00000000       0x31 ./drivers/libraries/STM32F10x_StdPeriph_Driver/src/stm32f10x_spi.o
 .comment       0x00000000       0x31 ./drivers/libraries/STM32F10x_StdPeriph_Driver/src/stm32f10x_tim.o
 .comment       0x00000000       0x31 ./drivers/libraries/STM32F10x_StdPeriph_Driver/src/stm32f10x_usart.o
 .comment       0x00000000       0x31 ./drivers/libraries/STM32F10x_StdPeriph_Driver/src/stm32f10x_wwdg.o
 .comment       0x00000000       0x31 ./drivers/libraries/CMSIS/CM3/DeviceSupport/ST/STM32F10x/system_stm32f10x.o
 .comment       0x00000000       0x31 ./drivers/libraries/CMSIS/CM3/CoreSupport/core_cm3.o
 .comment       0x00000000       0x31 ./drivers/drv_spiflash/drv_spiflash.o
 .comment       0x00000000       0x31 ./drivers/drv_spiflash/sf_mx25l.o
 .comment       0x00000000       0x31 ./drivers/drv_spiflash/sf_universal.o
 .comment       0x00000000       0x31 ./drivers/drv_sdcard/drv_sdcard.o
 .comment       0x00000000       0x31 ./drivers/drv_sdcard/drv_sdflash.o
 .comment       0x00000000       0x31 ./drivers/drv_sdcard/sd_sdio.o
 .comment       0x00000000       0x31 ./drivers/drv_sdcard/sd_sdspi.o
 .comment       0x00000000       0x31 ./drivers/assert.o
 .comment       0x00000000       0x31 ./drivers/drv_ctrlport.o
 .comment       0x00000000       0x31 ./drivers/drv_eeprom.o
 .comment       0x00000000       0x31 ./drivers/drv_extint.o
 .comment       0x00000000       0x31 ./drivers/drv_i2c.o
 .comment       0x00000000       0x31 ./drivers/drv_i2s.o
 .comment       0x00000000       0x31 ./drivers/drv_key.o
 .comment       0x00000000       0x31 ./drivers/drv_led.o
 .comment       0x00000000       0x31 ./drivers/drv_rtc_time.o
 .comment       0x00000000       0x31 ./drivers/drv_spi.o
 .comment       0x00000000       0x31 ./drivers/drv_systick.o
 .comment       0x00000000       0x31 ./drivers/drv_tcsbus.o
 .comment       0x00000000       0x31 ./drivers/drv_timer.o
 .comment       0x00000000       0x31 ./drivers/drv_uart.o
 .comment       0x00000000       0x31 ./drivers/drv_watchdog.o
 .comment       0x00000000       0x31 ./components/cpn_uip/uip/uip.o
 .comment       0x00000000       0x31 ./components/cpn_uip/uip/uip_arp.o
 .comment       0x00000000       0x31 ./components/cpn_uip/tcpip/socket.o
 .comment       0x00000000       0x31 ./components/cpn_uip/tcpip/tcp_udp.o
 .comment       0x00000000       0x31 ./components/cpn_uip/tcpip/uip_lib.o
 .comment       0x00000000       0x31 ./components/cpn_uip/tcpip/uip_sys.o
 .comment       0x00000000       0x31 ./components/cpn_uip/chips/enc28j60_uip.o
 .comment       0x00000000       0x31 ./components/cpn_uip/chips/stm32_eth_uip.o
 .comment       0x00000000       0x31 ./components/cpn_uip/chips/tapdev.o
 .comment       0x00000000       0x31 ./components/cpn_uip/apps/demo/httpd-cgi.o
 .comment       0x00000000       0x31 ./components/cpn_uip/apps/demo/httpd-fs.o
 .comment       0x00000000       0x31 ./components/cpn_uip/apps/demo/httpd.o
 .comment       0x00000000       0x31 ./components/cpn_uip/apps/demo/tcpc.o
 .comment       0x00000000       0x31 ./components/cpn_uip/apps/demo/tcps.o
 .comment       0x00000000       0x31 ./components/cpn_uip/apps/demo/udpc.o
 .comment       0x00000000       0x31 ./components/cpn_uip/apps/demo/udps.o
 .comment       0x00000000       0x31 ./components/cpn_uip/apps/dhcp.o
 .comment       0x00000000       0x31 ./components/cpn_uip/apps/dns.o
 .comment       0x00000000       0x31 ./components/cpn_uip/apps/smtp.o
 .comment       0x00000000       0x31 ./components/cpn_tone/data/tone_test.o
 .comment       0x00000000       0x31 ./components/cpn_tone/cpn_tone.o
 .comment       0x00000000       0x31 ./components/cpn_lib/crc16.o
 .comment       0x00000000       0x31 ./components/cpn_lib/list.o
 .comment       0x00000000       0x31 ./components/cpn_lib/me.o
 .comment       0x00000000       0x31 ./components/cpn_lib/memb.o
 .comment       0x00000000       0x31 ./components/cpn_gui/driver/lcd_main.o
 .comment       0x00000000       0x31 ./components/cpn_gui/driver/touch_main.o
 .comment       0x00000000       0x31 ./components/cpn_gui/demo/GUIDEMO.o
 .comment       0x00000000       0x31 ./components/cpn_gui/demo/GUIDEMO_AntialiasedText.o
 .comment       0x00000000       0x31 ./components/cpn_gui/demo/GUIDEMO_Automotive.o
 .comment       0x00000000       0x31 ./components/cpn_gui/demo/GUIDEMO_BarGraph.o
 .comment       0x00000000       0x31 ./components/cpn_gui/demo/GUIDEMO_Bitmap.o
 .comment       0x00000000       0x31 ./components/cpn_gui/demo/GUIDEMO_ColorBar.o
 .comment       0x00000000       0x31 ./components/cpn_gui/demo/GUIDEMO_Conf.o
 .comment       0x00000000       0x31 ./components/cpn_gui/demo/GUIDEMO_Cursor.o
 .comment       0x00000000       0x31 ./components/cpn_gui/demo/GUIDEMO_Fading.o
 .comment       0x00000000       0x31 ./components/cpn_gui/demo/GUIDEMO_Graph.o
 .comment       0x00000000       0x31 ./components/cpn_gui/demo/GUIDEMO_IconView.o
 .comment       0x00000000       0x31 ./components/cpn_gui/demo/GUIDEMO_ImageFlow.o
 .comment       0x00000000       0x31 ./components/cpn_gui/demo/GUIDEMO_Intro.o
 .comment       0x00000000       0x31 ./components/cpn_gui/demo/GUIDEMO_Listview.o
 .comment       0x00000000       0x31 ./components/cpn_gui/demo/GUIDEMO_RadialMenu.o
 .comment       0x00000000       0x31 ./components/cpn_gui/demo/GUIDEMO_Resource.o
 .comment       0x00000000       0x31 ./components/cpn_gui/demo/GUIDEMO_Skinning.o
 .comment       0x00000000       0x31 ./components/cpn_gui/demo/GUIDEMO_Speed.o
 .comment       0x00000000       0x31 ./components/cpn_gui/demo/GUIDEMO_Speedometer.o
 .comment       0x00000000       0x31 ./components/cpn_gui/demo/GUIDEMO_TransparentDialog.o
 .comment       0x00000000       0x31 ./components/cpn_gui/demo/GUIDEMO_Treeview.o
 .comment       0x00000000       0x31 ./components/cpn_gui/demo/GUIDEMO_VScreen.o
 .comment       0x00000000       0x31 ./components/cpn_gui/demo/GUIDEMO_WashingMachine.o
 .comment       0x00000000       0x31 ./components/cpn_gui/demo/GUIDEMO_ZoomAndRotate.o
 .comment       0x00000000       0x31 ./components/cpn_gui/config/GUIConf.o
 .comment       0x00000000       0x31 ./components/cpn_gui/config/GUI_X.o
 .comment       0x00000000       0x31 ./components/cpn_gui/config/LCDConf.o
 .comment       0x00000000       0x31 ./components/cpn_gui/config/LCDDriver.o
 .comment       0x00000000       0x31 ./components/cpn_fatfs/option/cc936.o
 .comment       0x00000000       0x31 ./components/cpn_fatfs/diskio.o
 .comment       0x00000000       0x31 ./components/cpn_fatfs/ff.o
 .comment       0x00000000       0x31 ./applications/app_bell.o
 .comment       0x00000000       0x31 ./applications/app_define.o
 .comment       0x00000000       0x31 ./applications/app_eeprom.o
 .comment       0x00000000       0x31 ./applications/app_fatfs.o
 .comment       0x00000000       0x31 ./applications/app_gui.o
 .comment       0x00000000       0x31 ./applications/app_mail.o
 .comment       0x00000000       0x31 ./applications/app_message.o
 .comment       0x00000000       0x31 ./applications/app_net.o
 .comment       0x00000000       0x31 ./applications/app_race_led.o
 .comment       0x00000000       0x31 ./applications/app_rtc.o
 .comment       0x00000000       0x31 ./applications/app_sd.o
 .comment       0x00000000       0x31 ./applications/app_sd2flash.o
 .comment       0x00000000       0x31 ./applications/app_sem.o
 .comment       0x00000000       0x31 ./applications/app_spiflash.o
 .comment       0x00000000       0x31 ./applications/app_tone.o
 .comment       0x00000000       0x31 ./applications/irq_handler.o
 .comment       0x00000000       0x31 ./applications/main.o

.debug
 *(.debug)

.line
 *(.line)

.debug_srcinfo
 *(.debug_srcinfo)

.debug_sfnames
 *(.debug_sfnames)

.debug_aranges
 *(.debug_aranges)

.debug_pubnames
 *(.debug_pubnames)

.debug_info
 *(.debug_info .gnu.linkonce.wi.*)

.debug_abbrev
 *(.debug_abbrev)

.debug_line
 *(.debug_line .debug_line.* .debug_line_end)

.debug_frame    0x00000000     0x1298
 *(.debug_frame)
 .debug_frame   0x00000000       0x2c d:/users/draapho/mentorgraphics/sourcery_codebench_lite_for_arm_eabi/bin/../lib/gcc/arm-none-eabi/4.8.1/../../../../arm-none-eabi/lib/thumb2\libc.a(lib_a-lcltime.o)
 .debug_frame   0x0000002c       0x20 d:/users/draapho/mentorgraphics/sourcery_codebench_lite_for_arm_eabi/bin/../lib/gcc/arm-none-eabi/4.8.1/../../../../arm-none-eabi/lib/thumb2\libc.a(lib_a-lcltime_r.o)
 .debug_frame   0x0000004c       0x30 d:/users/draapho/mentorgraphics/sourcery_codebench_lite_for_arm_eabi/bin/../lib/gcc/arm-none-eabi/4.8.1/../../../../arm-none-eabi/lib/thumb2\libc.a(lib_a-malloc.o)
 .debug_frame   0x0000007c       0x38 d:/users/draapho/mentorgraphics/sourcery_codebench_lite_for_arm_eabi/bin/../lib/gcc/arm-none-eabi/4.8.1/../../../../arm-none-eabi/lib/thumb2\libc.a(lib_a-mallocr.o)
 .debug_frame   0x000000b4       0x2c d:/users/draapho/mentorgraphics/sourcery_codebench_lite_for_arm_eabi/bin/../lib/gcc/arm-none-eabi/4.8.1/../../../../arm-none-eabi/lib/thumb2\libc.a(lib_a-memcmp.o)
 .debug_frame   0x000000e0       0x2c d:/users/draapho/mentorgraphics/sourcery_codebench_lite_for_arm_eabi/bin/../lib/gcc/arm-none-eabi/4.8.1/../../../../arm-none-eabi/lib/thumb2\libc.a(lib_a-memcpy-stub.o)
 .debug_frame   0x0000010c       0x2c d:/users/draapho/mentorgraphics/sourcery_codebench_lite_for_arm_eabi/bin/../lib/gcc/arm-none-eabi/4.8.1/../../../../arm-none-eabi/lib/thumb2\libc.a(lib_a-memset.o)
 .debug_frame   0x00000138       0x60 d:/users/draapho/mentorgraphics/sourcery_codebench_lite_for_arm_eabi/bin/../lib/gcc/arm-none-eabi/4.8.1/../../../../arm-none-eabi/lib/thumb2\libc.a(lib_a-mktime.o)
 .debug_frame   0x00000198       0x60 d:/users/draapho/mentorgraphics/sourcery_codebench_lite_for_arm_eabi/bin/../lib/gcc/arm-none-eabi/4.8.1/../../../../arm-none-eabi/lib/thumb2\libc.a(lib_a-mktm_r.o)
 .debug_frame   0x000001f8       0x30 d:/users/draapho/mentorgraphics/sourcery_codebench_lite_for_arm_eabi/bin/../lib/gcc/arm-none-eabi/4.8.1/../../../../arm-none-eabi/lib/thumb2\libc.a(lib_a-mlock.o)
 .debug_frame   0x00000228       0x60 d:/users/draapho/mentorgraphics/sourcery_codebench_lite_for_arm_eabi/bin/../lib/gcc/arm-none-eabi/4.8.1/../../../../arm-none-eabi/lib/thumb2\libc.a(lib_a-printf.o)
 .debug_frame   0x00000288       0x3c d:/users/draapho/mentorgraphics/sourcery_codebench_lite_for_arm_eabi/bin/../lib/gcc/arm-none-eabi/4.8.1/../../../../arm-none-eabi/lib/thumb2\libc.a(lib_a-puts.o)
 .debug_frame   0x000002c4       0x4c d:/users/draapho/mentorgraphics/sourcery_codebench_lite_for_arm_eabi/bin/../lib/gcc/arm-none-eabi/4.8.1/../../../../arm-none-eabi/lib/thumb2\libc.a(lib_a-rand.o)
 .debug_frame   0x00000310       0x2c d:/users/draapho/mentorgraphics/sourcery_codebench_lite_for_arm_eabi/bin/../lib/gcc/arm-none-eabi/4.8.1/../../../../arm-none-eabi/lib/thumb2\libc.a(lib_a-sbrkr.o)
 .debug_frame   0x0000033c       0x60 d:/users/draapho/mentorgraphics/sourcery_codebench_lite_for_arm_eabi/bin/../lib/gcc/arm-none-eabi/4.8.1/../../../../arm-none-eabi/lib/thumb2\libc.a(lib_a-snprintf.o)
 .debug_frame   0x0000039c       0x64 d:/users/draapho/mentorgraphics/sourcery_codebench_lite_for_arm_eabi/bin/../lib/gcc/arm-none-eabi/4.8.1/../../../../arm-none-eabi/lib/thumb2\libc.a(lib_a-sprintf.o)
 .debug_frame   0x00000400       0x2c d:/users/draapho/mentorgraphics/sourcery_codebench_lite_for_arm_eabi/bin/../lib/gcc/arm-none-eabi/4.8.1/../../../../arm-none-eabi/lib/thumb2\libc.a(lib_a-strcat.o)
 .debug_frame   0x0000042c       0x2c d:/users/draapho/mentorgraphics/sourcery_codebench_lite_for_arm_eabi/bin/../lib/gcc/arm-none-eabi/4.8.1/../../../../arm-none-eabi/lib/thumb2\libc.a(lib_a-strchr.o)
 .debug_frame   0x00000458       0x20 d:/users/draapho/mentorgraphics/sourcery_codebench_lite_for_arm_eabi/bin/../lib/gcc/arm-none-eabi/4.8.1/../../../../arm-none-eabi/lib/thumb2\libc.a(lib_a-strcpy.o)
 .debug_frame   0x00000478       0x20 d:/users/draapho/mentorgraphics/sourcery_codebench_lite_for_arm_eabi/bin/../lib/gcc/arm-none-eabi/4.8.1/../../../../arm-none-eabi/lib/thumb2\libc.a(lib_a-strlen.o)
 .debug_frame   0x00000498       0x2c d:/users/draapho/mentorgraphics/sourcery_codebench_lite_for_arm_eabi/bin/../lib/gcc/arm-none-eabi/4.8.1/../../../../arm-none-eabi/lib/thumb2\libc.a(lib_a-strncmp.o)
 .debug_frame   0x000004c4       0x2c d:/users/draapho/mentorgraphics/sourcery_codebench_lite_for_arm_eabi/bin/../lib/gcc/arm-none-eabi/4.8.1/../../../../arm-none-eabi/lib/thumb2\libc.a(lib_a-strncpy.o)
 .debug_frame   0x000004f0       0x2c d:/users/draapho/mentorgraphics/sourcery_codebench_lite_for_arm_eabi/bin/../lib/gcc/arm-none-eabi/4.8.1/../../../../arm-none-eabi/lib/thumb2\libc.a(lib_a-strrchr.o)
 .debug_frame   0x0000051c       0x3c d:/users/draapho/mentorgraphics/sourcery_codebench_lite_for_arm_eabi/bin/../lib/gcc/arm-none-eabi/4.8.1/../../../../arm-none-eabi/lib/thumb2\libc.a(lib_a-svfprintf.o)
 .debug_frame   0x00000558       0x30 d:/users/draapho/mentorgraphics/sourcery_codebench_lite_for_arm_eabi/bin/../lib/gcc/arm-none-eabi/4.8.1/../../../../arm-none-eabi/lib/thumb2\libc.a(lib_a-tzlock.o)
 .debug_frame   0x00000588       0x80 d:/users/draapho/mentorgraphics/sourcery_codebench_lite_for_arm_eabi/bin/../lib/gcc/arm-none-eabi/4.8.1/../../../../arm-none-eabi/lib/thumb2\libc.a(lib_a-vfprintf.o)
 .debug_frame   0x00000608       0x2c d:/users/draapho/mentorgraphics/sourcery_codebench_lite_for_arm_eabi/bin/../lib/gcc/arm-none-eabi/4.8.1/../../../../arm-none-eabi/lib/thumb2\libc.a(lib_a-wsetup.o)
 .debug_frame   0x00000634       0x30 d:/users/draapho/mentorgraphics/sourcery_codebench_lite_for_arm_eabi/bin/../lib/gcc/arm-none-eabi/4.8.1/../../../../arm-none-eabi/lib/thumb2\libc.a(lib_a-div.o)
 .debug_frame   0x00000664       0x64 d:/users/draapho/mentorgraphics/sourcery_codebench_lite_for_arm_eabi/bin/../lib/gcc/arm-none-eabi/4.8.1/../../../../arm-none-eabi/lib/thumb2\libc.a(lib_a-dtoa.o)
 .debug_frame   0x000006c8       0x5c d:/users/draapho/mentorgraphics/sourcery_codebench_lite_for_arm_eabi/bin/../lib/gcc/arm-none-eabi/4.8.1/../../../../arm-none-eabi/lib/thumb2\libc.a(lib_a-fflush.o)
 .debug_frame   0x00000724      0x110 d:/users/draapho/mentorgraphics/sourcery_codebench_lite_for_arm_eabi/bin/../lib/gcc/arm-none-eabi/4.8.1/../../../../arm-none-eabi/lib/thumb2\libc.a(lib_a-findfp.o)
 .debug_frame   0x00000834       0x50 d:/users/draapho/mentorgraphics/sourcery_codebench_lite_for_arm_eabi/bin/../lib/gcc/arm-none-eabi/4.8.1/../../../../arm-none-eabi/lib/thumb2\libc.a(lib_a-freer.o)
 .debug_frame   0x00000884       0x38 d:/users/draapho/mentorgraphics/sourcery_codebench_lite_for_arm_eabi/bin/../lib/gcc/arm-none-eabi/4.8.1/../../../../arm-none-eabi/lib/thumb2\libc.a(lib_a-fvwrite.o)
 .debug_frame   0x000008bc       0x54 d:/users/draapho/mentorgraphics/sourcery_codebench_lite_for_arm_eabi/bin/../lib/gcc/arm-none-eabi/4.8.1/../../../../arm-none-eabi/lib/thumb2\libc.a(lib_a-fwalk.o)
 .debug_frame   0x00000910       0x20 d:/users/draapho/mentorgraphics/sourcery_codebench_lite_for_arm_eabi/bin/../lib/gcc/arm-none-eabi/4.8.1/../../../../arm-none-eabi/lib/thumb2\libc.a(lib_a-gettzinfo.o)
 .debug_frame   0x00000930       0x98 d:/users/draapho/mentorgraphics/sourcery_codebench_lite_for_arm_eabi/bin/../lib/gcc/arm-none-eabi/4.8.1/../../../../arm-none-eabi/lib/thumb2\libc.a(lib_a-locale.o)
 .debug_frame   0x000009c8       0x30 d:/users/draapho/mentorgraphics/sourcery_codebench_lite_for_arm_eabi/bin/../lib/gcc/arm-none-eabi/4.8.1/../../../../arm-none-eabi/lib/thumb2\libc.a(lib_a-makebuf.o)
 .debug_frame   0x000009f8       0x2c d:/users/draapho/mentorgraphics/sourcery_codebench_lite_for_arm_eabi/bin/../lib/gcc/arm-none-eabi/4.8.1/../../../../arm-none-eabi/lib/thumb2\libc.a(lib_a-memchr-stub.o)
 .debug_frame   0x00000a24       0x2c d:/users/draapho/mentorgraphics/sourcery_codebench_lite_for_arm_eabi/bin/../lib/gcc/arm-none-eabi/4.8.1/../../../../arm-none-eabi/lib/thumb2\libc.a(lib_a-memmove.o)
 .debug_frame   0x00000a50      0x244 d:/users/draapho/mentorgraphics/sourcery_codebench_lite_for_arm_eabi/bin/../lib/gcc/arm-none-eabi/4.8.1/../../../../arm-none-eabi/lib/thumb2\libc.a(lib_a-mprec.o)
 .debug_frame   0x00000c94       0x38 d:/users/draapho/mentorgraphics/sourcery_codebench_lite_for_arm_eabi/bin/../lib/gcc/arm-none-eabi/4.8.1/../../../../arm-none-eabi/lib/thumb2\libc.a(lib_a-reallocr.o)
 .debug_frame   0x00000ccc       0x48 d:/users/draapho/mentorgraphics/sourcery_codebench_lite_for_arm_eabi/bin/../lib/gcc/arm-none-eabi/4.8.1/../../../../arm-none-eabi/lib/thumb2\libc.a(lib_a-reent.o)
 .debug_frame   0x00000d14       0x20 d:/users/draapho/mentorgraphics/sourcery_codebench_lite_for_arm_eabi/bin/../lib/gcc/arm-none-eabi/4.8.1/../../../../arm-none-eabi/lib/thumb2\libc.a(lib_a-s_fpclassify.o)
 .debug_frame   0x00000d34       0x80 d:/users/draapho/mentorgraphics/sourcery_codebench_lite_for_arm_eabi/bin/../lib/gcc/arm-none-eabi/4.8.1/../../../../arm-none-eabi/lib/thumb2\libc.a(lib_a-stdio.o)
 .debug_frame   0x00000db4       0x64 d:/users/draapho/mentorgraphics/sourcery_codebench_lite_for_arm_eabi/bin/../lib/gcc/arm-none-eabi/4.8.1/../../../../arm-none-eabi/lib/thumb2\libc.a(lib_a-svfiprintf.o)
 .debug_frame   0x00000e18       0xbc d:/users/draapho/mentorgraphics/sourcery_codebench_lite_for_arm_eabi/bin/../lib/gcc/arm-none-eabi/4.8.1/../../../../arm-none-eabi/lib/thumb2\libc.a(lib_a-vfiprintf.o)
 .debug_frame   0x00000ed4       0x2c d:/users/draapho/mentorgraphics/sourcery_codebench_lite_for_arm_eabi/bin/../lib/gcc/arm-none-eabi/4.8.1/../../../../arm-none-eabi/lib/thumb2\libc.a(lib_a-writer.o)
 .debug_frame   0x00000f00       0x28 d:/users/draapho/mentorgraphics/sourcery_codebench_lite_for_arm_eabi/bin/../lib/gcc/arm-none-eabi/4.8.1/../../../../arm-none-eabi/lib/thumb2\libc.a(lib_a-callocr.o)
 .debug_frame   0x00000f28       0x2c d:/users/draapho/mentorgraphics/sourcery_codebench_lite_for_arm_eabi/bin/../lib/gcc/arm-none-eabi/4.8.1/../../../../arm-none-eabi/lib/thumb2\libc.a(lib_a-closer.o)
 .debug_frame   0x00000f54       0x3c d:/users/draapho/mentorgraphics/sourcery_codebench_lite_for_arm_eabi/bin/../lib/gcc/arm-none-eabi/4.8.1/../../../../arm-none-eabi/lib/thumb2\libc.a(lib_a-fclose.o)
 .debug_frame   0x00000f90       0x50 d:/users/draapho/mentorgraphics/sourcery_codebench_lite_for_arm_eabi/bin/../lib/gcc/arm-none-eabi/4.8.1/../../../../arm-none-eabi/lib/thumb2\libc.a(lib_a-fputwc.o)
 .debug_frame   0x00000fe0       0x2c d:/users/draapho/mentorgraphics/sourcery_codebench_lite_for_arm_eabi/bin/../lib/gcc/arm-none-eabi/4.8.1/../../../../arm-none-eabi/lib/thumb2\libc.a(lib_a-fstatr.o)
 .debug_frame   0x0000100c       0x2c d:/users/draapho/mentorgraphics/sourcery_codebench_lite_for_arm_eabi/bin/../lib/gcc/arm-none-eabi/4.8.1/../../../../arm-none-eabi/lib/thumb2\libc.a(lib_a-isattyr.o)
 .debug_frame   0x00001038       0x2c d:/users/draapho/mentorgraphics/sourcery_codebench_lite_for_arm_eabi/bin/../lib/gcc/arm-none-eabi/4.8.1/../../../../arm-none-eabi/lib/thumb2\libc.a(lib_a-lseekr.o)
 .debug_frame   0x00001064       0x2c d:/users/draapho/mentorgraphics/sourcery_codebench_lite_for_arm_eabi/bin/../lib/gcc/arm-none-eabi/4.8.1/../../../../arm-none-eabi/lib/thumb2\libc.a(lib_a-readr.o)
 .debug_frame   0x00001090       0x3c d:/users/draapho/mentorgraphics/sourcery_codebench_lite_for_arm_eabi/bin/../lib/gcc/arm-none-eabi/4.8.1/../../../../arm-none-eabi/lib/thumb2\libc.a(lib_a-wbuf.o)
 .debug_frame   0x000010cc       0x58 d:/users/draapho/mentorgraphics/sourcery_codebench_lite_for_arm_eabi/bin/../lib/gcc/arm-none-eabi/4.8.1/../../../../arm-none-eabi/lib/thumb2\libc.a(lib_a-wcrtomb.o)
 .debug_frame   0x00001124       0x44 d:/users/draapho/mentorgraphics/sourcery_codebench_lite_for_arm_eabi/bin/../lib/gcc/arm-none-eabi/4.8.1/../../../../arm-none-eabi/lib/thumb2\libc.a(lib_a-wctomb_r.o)
 .debug_frame   0x00001168       0x20 d:/users/draapho/mentorgraphics/sourcery_codebench_lite_for_arm_eabi/bin/../lib/gcc/arm-none-eabi/4.8.1/thumb2\libgcc.a(_udivsi3.o)
 .debug_frame   0x00001188       0x20 d:/users/draapho/mentorgraphics/sourcery_codebench_lite_for_arm_eabi/bin/../lib/gcc/arm-none-eabi/4.8.1/thumb2\libgcc.a(_divsi3.o)
 .debug_frame   0x000011a8       0x28 d:/users/draapho/mentorgraphics/sourcery_codebench_lite_for_arm_eabi/bin/../lib/gcc/arm-none-eabi/4.8.1/thumb2\libgcc.a(_aeabi_uldivmod.o)
 .debug_frame   0x000011d0       0x58 d:/users/draapho/mentorgraphics/sourcery_codebench_lite_for_arm_eabi/bin/../lib/gcc/arm-none-eabi/4.8.1/thumb2\libgcc.a(bpabi.o)
 .debug_frame   0x00001228       0x38 d:/users/draapho/mentorgraphics/sourcery_codebench_lite_for_arm_eabi/bin/../lib/gcc/arm-none-eabi/4.8.1/thumb2\libgcc.a(_divdi3.o)
 .debug_frame   0x00001260       0x38 d:/users/draapho/mentorgraphics/sourcery_codebench_lite_for_arm_eabi/bin/../lib/gcc/arm-none-eabi/4.8.1/thumb2\libgcc.a(_udivdi3.o)

.debug_str
 *(.debug_str)

.debug_loc
 *(.debug_loc)

.debug_macinfo
 *(.debug_macinfo)

.debug_weaknames
 *(.debug_weaknames)

.debug_funcnames
 *(.debug_funcnames)

.debug_typenames
 *(.debug_typenames)

.debug_varnames
 *(.debug_varnames)

.debug_pubtypes
 *(.debug_pubtypes)

.debug_ranges
 *(.debug_ranges)

.debug_macro
 *(.debug_macro)

.stack          0x00080000        0x0
                0x00080000                _stack = .
 *(.stack)

.ARM.attributes
                0x00000000       0x27
 *(.ARM.attributes)
 .ARM.attributes
                0x00000000       0x19 d:/users/draapho/mentorgraphics/sourcery_codebench_lite_for_arm_eabi/bin/../lib/gcc/arm-none-eabi/4.8.1/thumb2/crti.o
 .ARM.attributes
                0x00000019       0x29 d:/users/draapho/mentorgraphics/sourcery_codebench_lite_for_arm_eabi/bin/../lib/gcc/arm-none-eabi/4.8.1/thumb2/crtbegin.o
 .ARM.attributes
                0x00000042       0x33 ./ezos/ezos_ipc.o
 .ARM.attributes
                0x00000075       0x33 ./ezos/ezos_kernel.o
 .ARM.attributes
                0x000000a8       0x33 ./drivers/libraries/STM32F10x_StdPeriph_Driver/src/misc.o
 .ARM.attributes
                0x000000db       0x33 ./drivers/libraries/STM32F10x_StdPeriph_Driver/src/stm32f10x_adc.o
 .ARM.attributes
                0x0000010e       0x33 ./drivers/libraries/STM32F10x_StdPeriph_Driver/src/stm32f10x_bkp.o
 .ARM.attributes
                0x00000141       0x33 ./drivers/libraries/STM32F10x_StdPeriph_Driver/src/stm32f10x_can.o
 .ARM.attributes
                0x00000174       0x33 ./drivers/libraries/STM32F10x_StdPeriph_Driver/src/stm32f10x_cec.o
 .ARM.attributes
                0x000001a7       0x33 ./drivers/libraries/STM32F10x_StdPeriph_Driver/src/stm32f10x_crc.o
 .ARM.attributes
                0x000001da       0x33 ./drivers/libraries/STM32F10x_StdPeriph_Driver/src/stm32f10x_dac.o
 .ARM.attributes
                0x0000020d       0x33 ./drivers/libraries/STM32F10x_StdPeriph_Driver/src/stm32f10x_dbgmcu.o
 .ARM.attributes
                0x00000240       0x33 ./drivers/libraries/STM32F10x_StdPeriph_Driver/src/stm32f10x_dma.o
 .ARM.attributes
                0x00000273       0x33 ./drivers/libraries/STM32F10x_StdPeriph_Driver/src/stm32f10x_exti.o
 .ARM.attributes
                0x000002a6       0x33 ./drivers/libraries/STM32F10x_StdPeriph_Driver/src/stm32f10x_flash.o
 .ARM.attributes
                0x000002d9       0x33 ./drivers/libraries/STM32F10x_StdPeriph_Driver/src/stm32f10x_fsmc.o
 .ARM.attributes
                0x0000030c       0x33 ./drivers/libraries/STM32F10x_StdPeriph_Driver/src/stm32f10x_gpio.o
 .ARM.attributes
                0x0000033f       0x33 ./drivers/libraries/STM32F10x_StdPeriph_Driver/src/stm32f10x_i2c.o
 .ARM.attributes
                0x00000372       0x33 ./drivers/libraries/STM32F10x_StdPeriph_Driver/src/stm32f10x_iwdg.o
 .ARM.attributes
                0x000003a5       0x33 ./drivers/libraries/STM32F10x_StdPeriph_Driver/src/stm32f10x_pwr.o
 .ARM.attributes
                0x000003d8       0x33 ./drivers/libraries/STM32F10x_StdPeriph_Driver/src/stm32f10x_rcc.o
 .ARM.attributes
                0x0000040b       0x33 ./drivers/libraries/STM32F10x_StdPeriph_Driver/src/stm32f10x_rtc.o
 .ARM.attributes
                0x0000043e       0x33 ./drivers/libraries/STM32F10x_StdPeriph_Driver/src/stm32f10x_sdio.o
 .ARM.attributes
                0x00000471       0x33 ./drivers/libraries/STM32F10x_StdPeriph_Driver/src/stm32f10x_spi.o
 .ARM.attributes
                0x000004a4       0x33 ./drivers/libraries/STM32F10x_StdPeriph_Driver/src/stm32f10x_tim.o
 .ARM.attributes
                0x000004d7       0x33 ./drivers/libraries/STM32F10x_StdPeriph_Driver/src/stm32f10x_usart.o
 .ARM.attributes
                0x0000050a       0x33 ./drivers/libraries/STM32F10x_StdPeriph_Driver/src/stm32f10x_wwdg.o
 .ARM.attributes
                0x0000053d       0x33 ./drivers/libraries/CMSIS/CM3/DeviceSupport/ST/STM32F10x/system_stm32f10x.o
 .ARM.attributes
                0x00000570       0x33 ./drivers/libraries/CMSIS/CM3/CoreSupport/core_cm3.o
 .ARM.attributes
                0x000005a3       0x33 ./drivers/drv_spiflash/drv_spiflash.o
 .ARM.attributes
                0x000005d6       0x33 ./drivers/drv_spiflash/sf_mx25l.o
 .ARM.attributes
                0x00000609       0x33 ./drivers/drv_spiflash/sf_universal.o
 .ARM.attributes
                0x0000063c       0x33 ./drivers/drv_sdcard/drv_sdcard.o
 .ARM.attributes
                0x0000066f       0x33 ./drivers/drv_sdcard/drv_sdflash.o
 .ARM.attributes
                0x000006a2       0x33 ./drivers/drv_sdcard/sd_sdio.o
 .ARM.attributes
                0x000006d5       0x33 ./drivers/drv_sdcard/sd_sdspi.o
 .ARM.attributes
                0x00000708       0x33 ./drivers/assert.o
 .ARM.attributes
                0x0000073b       0x33 ./drivers/drv_ctrlport.o
 .ARM.attributes
                0x0000076e       0x33 ./drivers/drv_eeprom.o
 .ARM.attributes
                0x000007a1       0x33 ./drivers/drv_extint.o
 .ARM.attributes
                0x000007d4       0x33 ./drivers/drv_i2c.o
 .ARM.attributes
                0x00000807       0x33 ./drivers/drv_i2s.o
 .ARM.attributes
                0x0000083a       0x33 ./drivers/drv_key.o
 .ARM.attributes
                0x0000086d       0x33 ./drivers/drv_led.o
 .ARM.attributes
                0x000008a0       0x33 ./drivers/drv_rtc_time.o
 .ARM.attributes
                0x000008d3       0x33 ./drivers/drv_spi.o
 .ARM.attributes
                0x00000906       0x33 ./drivers/drv_systick.o
 .ARM.attributes
                0x00000939       0x33 ./drivers/drv_tcsbus.o
 .ARM.attributes
                0x0000096c       0x33 ./drivers/drv_timer.o
 .ARM.attributes
                0x0000099f       0x33 ./drivers/drv_uart.o
 .ARM.attributes
                0x000009d2       0x33 ./drivers/drv_watchdog.o
 .ARM.attributes
                0x00000a05       0x33 ./components/cpn_uip/uip/uip.o
 .ARM.attributes
                0x00000a38       0x33 ./components/cpn_uip/uip/uip_arp.o
 .ARM.attributes
                0x00000a6b       0x33 ./components/cpn_uip/tcpip/socket.o
 .ARM.attributes
                0x00000a9e       0x33 ./components/cpn_uip/tcpip/tcp_udp.o
 .ARM.attributes
                0x00000ad1       0x33 ./components/cpn_uip/tcpip/uip_lib.o
 .ARM.attributes
                0x00000b04       0x33 ./components/cpn_uip/tcpip/uip_sys.o
 .ARM.attributes
                0x00000b37       0x33 ./components/cpn_uip/chips/enc28j60_uip.o
 .ARM.attributes
                0x00000b6a       0x33 ./components/cpn_uip/chips/stm32_eth_uip.o
 .ARM.attributes
                0x00000b9d       0x33 ./components/cpn_uip/chips/tapdev.o
 .ARM.attributes
                0x00000bd0       0x33 ./components/cpn_uip/apps/demo/httpd-cgi.o
 .ARM.attributes
                0x00000c03       0x33 ./components/cpn_uip/apps/demo/httpd-fs.o
 .ARM.attributes
                0x00000c36       0x33 ./components/cpn_uip/apps/demo/httpd.o
 .ARM.attributes
                0x00000c69       0x33 ./components/cpn_uip/apps/demo/tcpc.o
 .ARM.attributes
                0x00000c9c       0x33 ./components/cpn_uip/apps/demo/tcps.o
 .ARM.attributes
                0x00000ccf       0x33 ./components/cpn_uip/apps/demo/udpc.o
 .ARM.attributes
                0x00000d02       0x33 ./components/cpn_uip/apps/demo/udps.o
 .ARM.attributes
                0x00000d35       0x33 ./components/cpn_uip/apps/dhcp.o
 .ARM.attributes
                0x00000d68       0x33 ./components/cpn_uip/apps/dns.o
 .ARM.attributes
                0x00000d9b       0x33 ./components/cpn_uip/apps/smtp.o
 .ARM.attributes
                0x00000dce       0x33 ./components/cpn_tone/data/tone_test.o
 .ARM.attributes
                0x00000e01       0x33 ./components/cpn_tone/cpn_tone.o
 .ARM.attributes
                0x00000e34       0x33 ./components/cpn_lib/crc16.o
 .ARM.attributes
                0x00000e67       0x33 ./components/cpn_lib/list.o
 .ARM.attributes
                0x00000e9a       0x33 ./components/cpn_lib/me.o
 .ARM.attributes
                0x00000ecd       0x33 ./components/cpn_lib/memb.o
 .ARM.attributes
                0x00000f00       0x33 ./components/cpn_gui/driver/lcd_main.o
 .ARM.attributes
                0x00000f33       0x33 ./components/cpn_gui/driver/touch_main.o
 .ARM.attributes
                0x00000f66       0x33 ./components/cpn_gui/demo/GUIDEMO.o
 .ARM.attributes
                0x00000f99       0x33 ./components/cpn_gui/demo/GUIDEMO_AntialiasedText.o
 .ARM.attributes
                0x00000fcc       0x33 ./components/cpn_gui/demo/GUIDEMO_Automotive.o
 .ARM.attributes
                0x00000fff       0x33 ./components/cpn_gui/demo/GUIDEMO_BarGraph.o
 .ARM.attributes
                0x00001032       0x33 ./components/cpn_gui/demo/GUIDEMO_Bitmap.o
 .ARM.attributes
                0x00001065       0x33 ./components/cpn_gui/demo/GUIDEMO_ColorBar.o
 .ARM.attributes
                0x00001098       0x33 ./components/cpn_gui/demo/GUIDEMO_Conf.o
 .ARM.attributes
                0x000010cb       0x33 ./components/cpn_gui/demo/GUIDEMO_Cursor.o
 .ARM.attributes
                0x000010fe       0x33 ./components/cpn_gui/demo/GUIDEMO_Fading.o
 .ARM.attributes
                0x00001131       0x33 ./components/cpn_gui/demo/GUIDEMO_Graph.o
 .ARM.attributes
                0x00001164       0x33 ./components/cpn_gui/demo/GUIDEMO_IconView.o
 .ARM.attributes
                0x00001197       0x33 ./components/cpn_gui/demo/GUIDEMO_ImageFlow.o
 .ARM.attributes
                0x000011ca       0x33 ./components/cpn_gui/demo/GUIDEMO_Intro.o
 .ARM.attributes
                0x000011fd       0x33 ./components/cpn_gui/demo/GUIDEMO_Listview.o
 .ARM.attributes
                0x00001230       0x33 ./components/cpn_gui/demo/GUIDEMO_RadialMenu.o
 .ARM.attributes
                0x00001263       0x33 ./components/cpn_gui/demo/GUIDEMO_Resource.o
 .ARM.attributes
                0x00001296       0x33 ./components/cpn_gui/demo/GUIDEMO_Skinning.o
 .ARM.attributes
                0x000012c9       0x33 ./components/cpn_gui/demo/GUIDEMO_Speed.o
 .ARM.attributes
                0x000012fc       0x33 ./components/cpn_gui/demo/GUIDEMO_Speedometer.o
 .ARM.attributes
                0x0000132f       0x33 ./components/cpn_gui/demo/GUIDEMO_TransparentDialog.o
 .ARM.attributes
                0x00001362       0x33 ./components/cpn_gui/demo/GUIDEMO_Treeview.o
 .ARM.attributes
                0x00001395       0x33 ./components/cpn_gui/demo/GUIDEMO_VScreen.o
 .ARM.attributes
                0x000013c8       0x33 ./components/cpn_gui/demo/GUIDEMO_WashingMachine.o
 .ARM.attributes
                0x000013fb       0x33 ./components/cpn_gui/demo/GUIDEMO_ZoomAndRotate.o
 .ARM.attributes
                0x0000142e       0x33 ./components/cpn_gui/config/GUIConf.o
 .ARM.attributes
                0x00001461       0x33 ./components/cpn_gui/config/GUI_X.o
 .ARM.attributes
                0x00001494       0x33 ./components/cpn_gui/config/LCDConf.o
 .ARM.attributes
                0x000014c7       0x33 ./components/cpn_gui/config/LCDDriver.o
 .ARM.attributes
                0x000014fa       0x33 ./components/cpn_fatfs/option/cc936.o
 .ARM.attributes
                0x0000152d       0x33 ./components/cpn_fatfs/diskio.o
 .ARM.attributes
                0x00001560       0x33 ./components/cpn_fatfs/ff.o
 .ARM.attributes
                0x00001593       0x33 ./applications/app_bell.o
 .ARM.attributes
                0x000015c6       0x33 ./applications/app_define.o
 .ARM.attributes
                0x000015f9       0x33 ./applications/app_eeprom.o
 .ARM.attributes
                0x0000162c       0x33 ./applications/app_fatfs.o
 .ARM.attributes
                0x0000165f       0x33 ./applications/app_gui.o
 .ARM.attributes
                0x00001692       0x33 ./applications/app_mail.o
 .ARM.attributes
                0x000016c5       0x33 ./applications/app_message.o
 .ARM.attributes
                0x000016f8       0x33 ./applications/app_net.o
 .ARM.attributes
                0x0000172b       0x33 ./applications/app_race_led.o
 .ARM.attributes
                0x0000175e       0x33 ./applications/app_rtc.o
 .ARM.attributes
                0x00001791       0x33 ./applications/app_sd.o
 .ARM.attributes
                0x000017c4       0x33 ./applications/app_sd2flash.o
 .ARM.attributes
                0x000017f7       0x33 ./applications/app_sem.o
 .ARM.attributes
                0x0000182a       0x33 ./applications/app_spiflash.o
 .ARM.attributes
                0x0000185d       0x33 ./applications/app_tone.o
 .ARM.attributes
                0x00001890       0x33 ./applications/irq_handler.o
 .ARM.attributes
                0x000018c3       0x33 ./applications/main.o
 .ARM.attributes
                0x000018f6       0x19 d:/users/draapho/mentorgraphics/sourcery_codebench_lite_for_arm_eabi/bin/../lib/gcc/arm-none-eabi/4.8.1/thumb2\libgcc.a(_arm_addsubdf3.o)
 .ARM.attributes
                0x0000190f       0x19 d:/users/draapho/mentorgraphics/sourcery_codebench_lite_for_arm_eabi/bin/../lib/gcc/arm-none-eabi/4.8.1/thumb2\libgcc.a(_arm_muldivdf3.o)
 .ARM.attributes
                0x00001928       0x19 d:/users/draapho/mentorgraphics/sourcery_codebench_lite_for_arm_eabi/bin/../lib/gcc/arm-none-eabi/4.8.1/thumb2\libgcc.a(_arm_fixdfsi.o)
 .ARM.attributes
                0x00001941       0x29 d:/users/draapho/mentorgraphics/sourcery_codebench_lite_for_arm_eabi/bin/../lib/gcc/arm-none-eabi/4.8.1/../../../../arm-none-eabi/lib/thumb2\libc.a(lib_a-lcltime.o)
 .ARM.attributes
                0x0000196a       0x29 d:/users/draapho/mentorgraphics/sourcery_codebench_lite_for_arm_eabi/bin/../lib/gcc/arm-none-eabi/4.8.1/../../../../arm-none-eabi/lib/thumb2\libc.a(lib_a-lcltime_r.o)
 .ARM.attributes
                0x00001993       0x29 d:/users/draapho/mentorgraphics/sourcery_codebench_lite_for_arm_eabi/bin/../lib/gcc/arm-none-eabi/4.8.1/../../../../arm-none-eabi/lib/thumb2\libc.a(lib_a-malloc.o)
 .ARM.attributes
                0x000019bc       0x29 d:/users/draapho/mentorgraphics/sourcery_codebench_lite_for_arm_eabi/bin/../lib/gcc/arm-none-eabi/4.8.1/../../../../arm-none-eabi/lib/thumb2\libc.a(lib_a-mallocr.o)
 .ARM.attributes
                0x000019e5       0x29 d:/users/draapho/mentorgraphics/sourcery_codebench_lite_for_arm_eabi/bin/../lib/gcc/arm-none-eabi/4.8.1/../../../../arm-none-eabi/lib/thumb2\libc.a(lib_a-memcmp.o)
 .ARM.attributes
                0x00001a0e       0x29 d:/users/draapho/mentorgraphics/sourcery_codebench_lite_for_arm_eabi/bin/../lib/gcc/arm-none-eabi/4.8.1/../../../../arm-none-eabi/lib/thumb2\libc.a(lib_a-memcpy-stub.o)
 .ARM.attributes
                0x00001a37       0x29 d:/users/draapho/mentorgraphics/sourcery_codebench_lite_for_arm_eabi/bin/../lib/gcc/arm-none-eabi/4.8.1/../../../../arm-none-eabi/lib/thumb2\libc.a(lib_a-memset.o)
 .ARM.attributes
                0x00001a60       0x29 d:/users/draapho/mentorgraphics/sourcery_codebench_lite_for_arm_eabi/bin/../lib/gcc/arm-none-eabi/4.8.1/../../../../arm-none-eabi/lib/thumb2\libc.a(lib_a-mktime.o)
 .ARM.attributes
                0x00001a89       0x29 d:/users/draapho/mentorgraphics/sourcery_codebench_lite_for_arm_eabi/bin/../lib/gcc/arm-none-eabi/4.8.1/../../../../arm-none-eabi/lib/thumb2\libc.a(lib_a-mktm_r.o)
 .ARM.attributes
                0x00001ab2       0x29 d:/users/draapho/mentorgraphics/sourcery_codebench_lite_for_arm_eabi/bin/../lib/gcc/arm-none-eabi/4.8.1/../../../../arm-none-eabi/lib/thumb2\libc.a(lib_a-mlock.o)
 .ARM.attributes
                0x00001adb       0x29 d:/users/draapho/mentorgraphics/sourcery_codebench_lite_for_arm_eabi/bin/../lib/gcc/arm-none-eabi/4.8.1/../../../../arm-none-eabi/lib/thumb2\libc.a(lib_a-printf.o)
 .ARM.attributes
                0x00001b04       0x29 d:/users/draapho/mentorgraphics/sourcery_codebench_lite_for_arm_eabi/bin/../lib/gcc/arm-none-eabi/4.8.1/../../../../arm-none-eabi/lib/thumb2\libc.a(lib_a-puts.o)
 .ARM.attributes
                0x00001b2d       0x29 d:/users/draapho/mentorgraphics/sourcery_codebench_lite_for_arm_eabi/bin/../lib/gcc/arm-none-eabi/4.8.1/../../../../arm-none-eabi/lib/thumb2\libc.a(lib_a-rand.o)
 .ARM.attributes
                0x00001b56       0x29 d:/users/draapho/mentorgraphics/sourcery_codebench_lite_for_arm_eabi/bin/../lib/gcc/arm-none-eabi/4.8.1/../../../../arm-none-eabi/lib/thumb2\libc.a(lib_a-sbrkr.o)
 .ARM.attributes
                0x00001b7f       0x29 d:/users/draapho/mentorgraphics/sourcery_codebench_lite_for_arm_eabi/bin/../lib/gcc/arm-none-eabi/4.8.1/../../../../arm-none-eabi/lib/thumb2\libc.a(lib_a-snprintf.o)
 .ARM.attributes
                0x00001ba8       0x29 d:/users/draapho/mentorgraphics/sourcery_codebench_lite_for_arm_eabi/bin/../lib/gcc/arm-none-eabi/4.8.1/../../../../arm-none-eabi/lib/thumb2\libc.a(lib_a-sprintf.o)
 .ARM.attributes
                0x00001bd1       0x29 d:/users/draapho/mentorgraphics/sourcery_codebench_lite_for_arm_eabi/bin/../lib/gcc/arm-none-eabi/4.8.1/../../../../arm-none-eabi/lib/thumb2\libc.a(lib_a-strcat.o)
 .ARM.attributes
                0x00001bfa       0x29 d:/users/draapho/mentorgraphics/sourcery_codebench_lite_for_arm_eabi/bin/../lib/gcc/arm-none-eabi/4.8.1/../../../../arm-none-eabi/lib/thumb2\libc.a(lib_a-strchr.o)
 .ARM.attributes
                0x00001c23       0x17 d:/users/draapho/mentorgraphics/sourcery_codebench_lite_for_arm_eabi/bin/../lib/gcc/arm-none-eabi/4.8.1/../../../../arm-none-eabi/lib/thumb2\libc.a(lib_a-strcmp.o)
 .ARM.attributes
                0x00001c3a       0x29 d:/users/draapho/mentorgraphics/sourcery_codebench_lite_for_arm_eabi/bin/../lib/gcc/arm-none-eabi/4.8.1/../../../../arm-none-eabi/lib/thumb2\libc.a(lib_a-strcpy.o)
 .ARM.attributes
                0x00001c63       0x29 d:/users/draapho/mentorgraphics/sourcery_codebench_lite_for_arm_eabi/bin/../lib/gcc/arm-none-eabi/4.8.1/../../../../arm-none-eabi/lib/thumb2\libc.a(lib_a-strlen.o)
 .ARM.attributes
                0x00001c8c       0x29 d:/users/draapho/mentorgraphics/sourcery_codebench_lite_for_arm_eabi/bin/../lib/gcc/arm-none-eabi/4.8.1/../../../../arm-none-eabi/lib/thumb2\libc.a(lib_a-strncmp.o)
 .ARM.attributes
                0x00001cb5       0x29 d:/users/draapho/mentorgraphics/sourcery_codebench_lite_for_arm_eabi/bin/../lib/gcc/arm-none-eabi/4.8.1/../../../../arm-none-eabi/lib/thumb2\libc.a(lib_a-strncpy.o)
 .ARM.attributes
                0x00001cde       0x29 d:/users/draapho/mentorgraphics/sourcery_codebench_lite_for_arm_eabi/bin/../lib/gcc/arm-none-eabi/4.8.1/../../../../arm-none-eabi/lib/thumb2\libc.a(lib_a-strrchr.o)
 .ARM.attributes
                0x00001d07       0x29 d:/users/draapho/mentorgraphics/sourcery_codebench_lite_for_arm_eabi/bin/../lib/gcc/arm-none-eabi/4.8.1/../../../../arm-none-eabi/lib/thumb2\libc.a(lib_a-svfprintf.o)
 .ARM.attributes
                0x00001d30       0x29 d:/users/draapho/mentorgraphics/sourcery_codebench_lite_for_arm_eabi/bin/../lib/gcc/arm-none-eabi/4.8.1/../../../../arm-none-eabi/lib/thumb2\libc.a(lib_a-tzlock.o)
 .ARM.attributes
                0x00001d59       0x29 d:/users/draapho/mentorgraphics/sourcery_codebench_lite_for_arm_eabi/bin/../lib/gcc/arm-none-eabi/4.8.1/../../../../arm-none-eabi/lib/thumb2\libc.a(lib_a-tzvars.o)
 .ARM.attributes
                0x00001d82       0x29 d:/users/draapho/mentorgraphics/sourcery_codebench_lite_for_arm_eabi/bin/../lib/gcc/arm-none-eabi/4.8.1/../../../../arm-none-eabi/lib/thumb2\libc.a(lib_a-vfprintf.o)
 .ARM.attributes
                0x00001dab       0x29 d:/users/draapho/mentorgraphics/sourcery_codebench_lite_for_arm_eabi/bin/../lib/gcc/arm-none-eabi/4.8.1/../../../../arm-none-eabi/lib/thumb2\libc.a(lib_a-wsetup.o)
 .ARM.attributes
                0x00001dd4       0x29 d:/users/draapho/mentorgraphics/sourcery_codebench_lite_for_arm_eabi/bin/../lib/gcc/arm-none-eabi/4.8.1/../../../../arm-none-eabi/lib/thumb2\libc.a(lib_a-div.o)
 .ARM.attributes
                0x00001dfd       0x29 d:/users/draapho/mentorgraphics/sourcery_codebench_lite_for_arm_eabi/bin/../lib/gcc/arm-none-eabi/4.8.1/../../../../arm-none-eabi/lib/thumb2\libc.a(lib_a-dtoa.o)
 .ARM.attributes
                0x00001e26       0x29 d:/users/draapho/mentorgraphics/sourcery_codebench_lite_for_arm_eabi/bin/../lib/gcc/arm-none-eabi/4.8.1/../../../../arm-none-eabi/lib/thumb2\libc.a(lib_a-fflush.o)
 .ARM.attributes
                0x00001e4f       0x29 d:/users/draapho/mentorgraphics/sourcery_codebench_lite_for_arm_eabi/bin/../lib/gcc/arm-none-eabi/4.8.1/../../../../arm-none-eabi/lib/thumb2\libc.a(lib_a-findfp.o)
 .ARM.attributes
                0x00001e78       0x29 d:/users/draapho/mentorgraphics/sourcery_codebench_lite_for_arm_eabi/bin/../lib/gcc/arm-none-eabi/4.8.1/../../../../arm-none-eabi/lib/thumb2\libc.a(lib_a-freer.o)
 .ARM.attributes
                0x00001ea1       0x29 d:/users/draapho/mentorgraphics/sourcery_codebench_lite_for_arm_eabi/bin/../lib/gcc/arm-none-eabi/4.8.1/../../../../arm-none-eabi/lib/thumb2\libc.a(lib_a-fvwrite.o)
 .ARM.attributes
                0x00001eca       0x29 d:/users/draapho/mentorgraphics/sourcery_codebench_lite_for_arm_eabi/bin/../lib/gcc/arm-none-eabi/4.8.1/../../../../arm-none-eabi/lib/thumb2\libc.a(lib_a-fwalk.o)
 .ARM.attributes
                0x00001ef3       0x29 d:/users/draapho/mentorgraphics/sourcery_codebench_lite_for_arm_eabi/bin/../lib/gcc/arm-none-eabi/4.8.1/../../../../arm-none-eabi/lib/thumb2\libc.a(lib_a-gettzinfo.o)
 .ARM.attributes
                0x00001f1c       0x29 d:/users/draapho/mentorgraphics/sourcery_codebench_lite_for_arm_eabi/bin/../lib/gcc/arm-none-eabi/4.8.1/../../../../arm-none-eabi/lib/thumb2\libc.a(lib_a-impure.o)
 .ARM.attributes
                0x00001f45       0x29 d:/users/draapho/mentorgraphics/sourcery_codebench_lite_for_arm_eabi/bin/../lib/gcc/arm-none-eabi/4.8.1/../../../../arm-none-eabi/lib/thumb2\libc.a(lib_a-locale.o)
 .ARM.attributes
                0x00001f6e       0x29 d:/users/draapho/mentorgraphics/sourcery_codebench_lite_for_arm_eabi/bin/../lib/gcc/arm-none-eabi/4.8.1/../../../../arm-none-eabi/lib/thumb2\libc.a(lib_a-makebuf.o)
 .ARM.attributes
                0x00001f97       0x29 d:/users/draapho/mentorgraphics/sourcery_codebench_lite_for_arm_eabi/bin/../lib/gcc/arm-none-eabi/4.8.1/../../../../arm-none-eabi/lib/thumb2\libc.a(lib_a-memchr-stub.o)
 .ARM.attributes
                0x00001fc0       0x29 d:/users/draapho/mentorgraphics/sourcery_codebench_lite_for_arm_eabi/bin/../lib/gcc/arm-none-eabi/4.8.1/../../../../arm-none-eabi/lib/thumb2\libc.a(lib_a-memmove.o)
 .ARM.attributes
                0x00001fe9       0x29 d:/users/draapho/mentorgraphics/sourcery_codebench_lite_for_arm_eabi/bin/../lib/gcc/arm-none-eabi/4.8.1/../../../../arm-none-eabi/lib/thumb2\libc.a(lib_a-mprec.o)
 .ARM.attributes
                0x00002012       0x29 d:/users/draapho/mentorgraphics/sourcery_codebench_lite_for_arm_eabi/bin/../lib/gcc/arm-none-eabi/4.8.1/../../../../arm-none-eabi/lib/thumb2\libc.a(lib_a-reallocr.o)
 .ARM.attributes
                0x0000203b       0x29 d:/users/draapho/mentorgraphics/sourcery_codebench_lite_for_arm_eabi/bin/../lib/gcc/arm-none-eabi/4.8.1/../../../../arm-none-eabi/lib/thumb2\libc.a(lib_a-reent.o)
 .ARM.attributes
                0x00002064       0x29 d:/users/draapho/mentorgraphics/sourcery_codebench_lite_for_arm_eabi/bin/../lib/gcc/arm-none-eabi/4.8.1/../../../../arm-none-eabi/lib/thumb2\libc.a(lib_a-s_fpclassify.o)
 .ARM.attributes
                0x0000208d       0x29 d:/users/draapho/mentorgraphics/sourcery_codebench_lite_for_arm_eabi/bin/../lib/gcc/arm-none-eabi/4.8.1/../../../../arm-none-eabi/lib/thumb2\libc.a(lib_a-stdio.o)
 .ARM.attributes
                0x000020b6       0x29 d:/users/draapho/mentorgraphics/sourcery_codebench_lite_for_arm_eabi/bin/../lib/gcc/arm-none-eabi/4.8.1/../../../../arm-none-eabi/lib/thumb2\libc.a(lib_a-svfiprintf.o)
 .ARM.attributes
                0x000020df       0x29 d:/users/draapho/mentorgraphics/sourcery_codebench_lite_for_arm_eabi/bin/../lib/gcc/arm-none-eabi/4.8.1/../../../../arm-none-eabi/lib/thumb2\libc.a(lib_a-vfiprintf.o)
 .ARM.attributes
                0x00002108       0x29 d:/users/draapho/mentorgraphics/sourcery_codebench_lite_for_arm_eabi/bin/../lib/gcc/arm-none-eabi/4.8.1/../../../../arm-none-eabi/lib/thumb2\libc.a(lib_a-writer.o)
 .ARM.attributes
                0x00002131       0x29 d:/users/draapho/mentorgraphics/sourcery_codebench_lite_for_arm_eabi/bin/../lib/gcc/arm-none-eabi/4.8.1/../../../../arm-none-eabi/lib/thumb2\libc.a(lib_a-callocr.o)
 .ARM.attributes
                0x0000215a       0x29 d:/users/draapho/mentorgraphics/sourcery_codebench_lite_for_arm_eabi/bin/../lib/gcc/arm-none-eabi/4.8.1/../../../../arm-none-eabi/lib/thumb2\libc.a(lib_a-closer.o)
 .ARM.attributes
                0x00002183       0x29 d:/users/draapho/mentorgraphics/sourcery_codebench_lite_for_arm_eabi/bin/../lib/gcc/arm-none-eabi/4.8.1/../../../../arm-none-eabi/lib/thumb2\libc.a(lib_a-fclose.o)
 .ARM.attributes
                0x000021ac       0x29 d:/users/draapho/mentorgraphics/sourcery_codebench_lite_for_arm_eabi/bin/../lib/gcc/arm-none-eabi/4.8.1/../../../../arm-none-eabi/lib/thumb2\libc.a(lib_a-fputwc.o)
 .ARM.attributes
                0x000021d5       0x29 d:/users/draapho/mentorgraphics/sourcery_codebench_lite_for_arm_eabi/bin/../lib/gcc/arm-none-eabi/4.8.1/../../../../arm-none-eabi/lib/thumb2\libc.a(lib_a-fstatr.o)
 .ARM.attributes
                0x000021fe       0x29 d:/users/draapho/mentorgraphics/sourcery_codebench_lite_for_arm_eabi/bin/../lib/gcc/arm-none-eabi/4.8.1/../../../../arm-none-eabi/lib/thumb2\libc.a(lib_a-isattyr.o)
 .ARM.attributes
                0x00002227       0x29 d:/users/draapho/mentorgraphics/sourcery_codebench_lite_for_arm_eabi/bin/../lib/gcc/arm-none-eabi/4.8.1/../../../../arm-none-eabi/lib/thumb2\libc.a(lib_a-lseekr.o)
 .ARM.attributes
                0x00002250       0x29 d:/users/draapho/mentorgraphics/sourcery_codebench_lite_for_arm_eabi/bin/../lib/gcc/arm-none-eabi/4.8.1/../../../../arm-none-eabi/lib/thumb2\libc.a(lib_a-readr.o)
 .ARM.attributes
                0x00002279       0x29 d:/users/draapho/mentorgraphics/sourcery_codebench_lite_for_arm_eabi/bin/../lib/gcc/arm-none-eabi/4.8.1/../../../../arm-none-eabi/lib/thumb2\libc.a(lib_a-wbuf.o)
 .ARM.attributes
                0x000022a2       0x29 d:/users/draapho/mentorgraphics/sourcery_codebench_lite_for_arm_eabi/bin/../lib/gcc/arm-none-eabi/4.8.1/../../../../arm-none-eabi/lib/thumb2\libc.a(lib_a-wcrtomb.o)
 .ARM.attributes
                0x000022cb       0x29 d:/users/draapho/mentorgraphics/sourcery_codebench_lite_for_arm_eabi/bin/../lib/gcc/arm-none-eabi/4.8.1/../../../../arm-none-eabi/lib/thumb2\libc.a(lib_a-wctomb_r.o)
 .ARM.attributes
                0x000022f4       0x19 d:/users/draapho/mentorgraphics/sourcery_codebench_lite_for_arm_eabi/bin/../lib/gcc/arm-none-eabi/4.8.1/thumb2\libgcc.a(_udivsi3.o)
 .ARM.attributes
                0x0000230d       0x19 d:/users/draapho/mentorgraphics/sourcery_codebench_lite_for_arm_eabi/bin/../lib/gcc/arm-none-eabi/4.8.1/thumb2\libgcc.a(_divsi3.o)
 .ARM.attributes
                0x00002326       0x19 d:/users/draapho/mentorgraphics/sourcery_codebench_lite_for_arm_eabi/bin/../lib/gcc/arm-none-eabi/4.8.1/thumb2\libgcc.a(_dvmd_tls.o)
 .ARM.attributes
                0x0000233f       0x19 d:/users/draapho/mentorgraphics/sourcery_codebench_lite_for_arm_eabi/bin/../lib/gcc/arm-none-eabi/4.8.1/thumb2\libgcc.a(_arm_cmpdf2.o)
 .ARM.attributes
                0x00002358       0x19 d:/users/draapho/mentorgraphics/sourcery_codebench_lite_for_arm_eabi/bin/../lib/gcc/arm-none-eabi/4.8.1/thumb2\libgcc.a(_aeabi_uldivmod.o)
 .ARM.attributes
                0x00002371       0x29 d:/users/draapho/mentorgraphics/sourcery_codebench_lite_for_arm_eabi/bin/../lib/gcc/arm-none-eabi/4.8.1/thumb2\libgcc.a(bpabi.o)
 .ARM.attributes
                0x0000239a       0x29 d:/users/draapho/mentorgraphics/sourcery_codebench_lite_for_arm_eabi/bin/../lib/gcc/arm-none-eabi/4.8.1/thumb2\libgcc.a(_divdi3.o)
 .ARM.attributes
                0x000023c3       0x29 d:/users/draapho/mentorgraphics/sourcery_codebench_lite_for_arm_eabi/bin/../lib/gcc/arm-none-eabi/4.8.1/thumb2\libgcc.a(_udivdi3.o)
 .ARM.attributes
                0x000023ec       0x29 d:/users/draapho/mentorgraphics/sourcery_codebench_lite_for_arm_eabi/bin/../lib/gcc/arm-none-eabi/4.8.1/thumb2/crtend.o
 .ARM.attributes
                0x00002415       0x19 d:/users/draapho/mentorgraphics/sourcery_codebench_lite_for_arm_eabi/bin/../lib/gcc/arm-none-eabi/4.8.1/thumb2/crtn.o
 *(.gnu.attributes)

.note.gnu.arm.ident
 *(.note.gnu.arm.ident)

/DISCARD/
 *(.note.GNU-stack)
 *(.gnu_debuglink)
 *(.gnu.lto_*)
OUTPUT(fire_stm32.elf elf32-littlearm)
