   1              		.syntax unified
   2              		.cpu cortex-m3
   3              		.fpu softvfp
   4              		.eabi_attribute 20, 1
   5              		.eabi_attribute 21, 1
   6              		.eabi_attribute 23, 3
   7              		.eabi_attribute 24, 1
   8              		.eabi_attribute 25, 1
   9              		.eabi_attribute 26, 1
  10              		.eabi_attribute 30, 4
  11              		.eabi_attribute 34, 1
  12              		.eabi_attribute 18, 4
  13              		.thumb
  14              		.file	"app_sd2flash.c"
  15              		.section	.text.task_sd2flash,"ax",%progbits
  16              		.align	1
  17              		.thumb
  18              		.thumb_func
  20              	task_sd2flash:
  21              		@ args = 0, pretend = 0, frame = 1120
  22              		@ frame_needed = 0, uses_anonymous_args = 0
  23 0000 10B5     		push	{r4, lr}
  24 0002 1C49     		ldr	r1, .L8
  25 0004 ADF58C6D 		sub	sp, sp, #1120
  26 0008 0020     		movs	r0, #0
  27 000a FFF7FEFF 		bl	uart_printf
  28 000e FFF7FEFF 		bl	sdcard_init
  29 0012 8AA9     		add	r1, sp, #552
  30 0014 0020     		movs	r0, #0
  31 0016 FFF7FEFF 		bl	f_mount
  32 001a 1749     		ldr	r1, .L8+4
  33 001c 0122     		movs	r2, #1
  34 001e 01A8     		add	r0, sp, #4
  35 0020 FFF7FEFF 		bl	f_open
  36 0024 0446     		mov	r4, r0
  37 0026 1549     		ldr	r1, .L8+8
  38 0028 0020     		movs	r0, #0
  39 002a 134A     		ldr	r2, .L8+4
  40 002c 2346     		mov	r3, r4
  41 002e FFF7FEFF 		bl	uart_printf
  42 0032 A4B9     		cbnz	r4, .L2
  43              	.L3:
  44 0034 009B     		ldr	r3, [sp]
  45 0036 3BB1     		cbz	r3, .L6
  46 0038 01A8     		add	r0, sp, #4
  47 003a 0AA9     		add	r1, sp, #40
  48 003c 4FF40072 		mov	r2, #512
  49 0040 6B46     		mov	r3, sp
  50 0042 FFF7FEFF 		bl	f_read
  51 0046 10B1     		cbz	r0, .L4
  52              	.L6:
  53 0048 FFF7FEFF 		bl	spiflash_write_buf2flash
  54 004c 07E0     		b	.L2
  55              	.L4:
  56 004e 2146     		mov	r1, r4
  57 0050 0AA8     		add	r0, sp, #40
  58 0052 009A     		ldr	r2, [sp]
  59 0054 FFF7FEFF 		bl	spiflash_write_buf
  60 0058 009B     		ldr	r3, [sp]
  61 005a 1C44     		add	r4, r4, r3
  62 005c EAE7     		b	.L3
  63              	.L2:
  64 005e 01A8     		add	r0, sp, #4
  65 0060 FFF7FEFF 		bl	f_close
  66 0064 0020     		movs	r0, #0
  67 0066 0649     		ldr	r1, .L8+12
  68 0068 FFF7FEFF 		bl	uart_printf
  69 006c 0DF58C6D 		add	sp, sp, #1120
  70              		@ sp needed
  71 0070 10BD     		pop	{r4, pc}
  72              	.L9:
  73 0072 00BF     		.align	2
  74              	.L8:
  75 0074 00000000 		.word	.LC0
  76 0078 21000000 		.word	.LC1
  77 007c 2D000000 		.word	.LC2
  78 0080 3B000000 		.word	.LC3
  80              		.section	.text.sd2flash_start,"ax",%progbits
  81              		.align	1
  82              		.global	sd2flash_start
  83              		.thumb
  84              		.thumb_func
  86              	sd2flash_start:
  87              		@ args = 0, pretend = 0, frame = 0
  88              		@ frame_needed = 0, uses_anonymous_args = 0
  89 0000 07B5     		push	{r0, r1, r2, lr}
  90 0002 FFF7FEFF 		bl	spiflash_init
  91 0006 FFF7FEFF 		bl	sdcard_port_init
  92 000a 0548     		ldr	r0, .L11
  93 000c 0022     		movs	r2, #0
  94 000e 0092     		str	r2, [sp]
  95 0010 0146     		mov	r1, r0
  96 0012 1346     		mov	r3, r2
  97 0014 FFF7FEFF 		bl	ezos_add
  98 0018 03B0     		add	sp, sp, #12
  99              		@ sp needed
 100 001a 5DF804FB 		ldr	pc, [sp], #4
 101              	.L12:
 102 001e 00BF     		.align	2
 103              	.L11:
 104 0020 00000000 		.word	task_sd2flash
 106              		.section	.rodata.str1.1,"aMS",%progbits,1
 107              	.LC0:
 108 0000 0D0A0D0A 		.ascii	"\015\012\015\012===== sd2flash start =====\015\012\000"
 108      3D3D3D3D 
 108      3D207364 
 108      32666C61 
 108      73682073 
 109              	.LC1:
 110 0021 303A2F74 		.ascii	"0:/test.bin\000"
 110      6573742E 
 110      62696E00 
 111              	.LC2:
 112 002d 6F70656E 		.ascii	"open %s, %u\015\012\000"
 112      2025732C 
 112      2025750D 
 112      0A00
 113              	.LC3:
 114 003b 73643266 		.ascii	"sd2flash end!!! \015\012\000"
 114      6C617368 
 114      20656E64 
 114      21212120 
 114      0D0A00
 115              		.ident	"GCC: (Sourcery CodeBench Lite 2013.11-24) 4.8.1"
DEFINED SYMBOLS
                            *ABS*:00000000 app_sd2flash.c
D:\Users\draapho\AppData\Local\Temp\cc59UOSt.s:16     .text.task_sd2flash:00000000 $t
D:\Users\draapho\AppData\Local\Temp\cc59UOSt.s:20     .text.task_sd2flash:00000000 task_sd2flash
D:\Users\draapho\AppData\Local\Temp\cc59UOSt.s:75     .text.task_sd2flash:00000074 $d
D:\Users\draapho\AppData\Local\Temp\cc59UOSt.s:81     .text.sd2flash_start:00000000 $t
D:\Users\draapho\AppData\Local\Temp\cc59UOSt.s:86     .text.sd2flash_start:00000000 sd2flash_start
D:\Users\draapho\AppData\Local\Temp\cc59UOSt.s:104    .text.sd2flash_start:00000020 $d

UNDEFINED SYMBOLS
uart_printf
sdcard_init
f_mount
f_open
f_read
spiflash_write_buf2flash
spiflash_write_buf
f_close
spiflash_init
sdcard_port_init
ezos_add
